[     367ms] [ERROR] Failed to load resource: the server responded with a status of 404 (Not Found) @ http://localhost:8741/partials/header:0
[     368ms] [ERROR] Failed to load partial "header" from partials/header.html: Error: HTTP 404
    at http://localhost:8741/assets/js/main.js:31:26
    at async Promise.all (index 0)
    at async injectPartials (http://localhost:8741/assets/js/main.js:23:3)
    at async HTMLDocument.<anonymous> (http://localhost:8741/assets/js/main.js:372:3) @ http://localhost:8741/assets/js/main.js:33
[     369ms] [ERROR] Failed to load resource: the server responded with a status of 404 (Not Found) @ http://localhost:8741/partials/footer:0
[     369ms] [ERROR] Failed to load partial "footer" from partials/footer.html: Error: HTTP 404
    at http://localhost:8741/assets/js/main.js:31:26
    at async Promise.all (index 1)
    at async injectPartials (http://localhost:8741/assets/js/main.js:23:3)
    at async HTMLDocument.<anonymous> (http://localhost:8741/assets/js/main.js:372:3) @ http://localhost:8741/assets/js/main.js:33
[    1069ms] [ERROR] Failed to load resource: the server responded with a status of 404 (Not Found) @ http://localhost:8741/partials/header:0
[    1070ms] [ERROR] Failed to load partial "header" from ../partials/header.html: Error: HTTP 404
    at http://localhost:8741/assets/js/main.js:31:26
    at async Promise.all (index 0)
    at async injectPartials (http://localhost:8741/assets/js/main.js:23:3)
    at async HTMLDocument.<anonymous> (http://localhost:8741/assets/js/main.js:372:3) @ http://localhost:8741/assets/js/main.js:33
[    1070ms] [ERROR] Failed to load resource: the server responded with a status of 404 (Not Found) @ http://localhost:8741/partials/footer:0
[    1070ms] [ERROR] Failed to load partial "footer" from ../partials/footer.html: Error: HTTP 404
    at http://localhost:8741/assets/js/main.js:31:26
    at async Promise.all (index 1)
    at async injectPartials (http://localhost:8741/assets/js/main.js:23:3)
    at async HTMLDocument.<anonymous> (http://localhost:8741/assets/js/main.js:372:3) @ http://localhost:8741/assets/js/main.js:33
[    1638ms] [ERROR] Failed to load resource: the server responded with a status of 404 (Not Found) @ http://localhost:8741/partials/header:0
[    1638ms] [ERROR] Failed to load partial "header" from ../partials/header.html: Error: HTTP 404
    at http://localhost:8741/assets/js/main.js:31:26
    at async Promise.all (index 0)
    at async injectPartials (http://localhost:8741/assets/js/main.js:23:3)
    at async HTMLDocument.<anonymous> (http://localhost:8741/assets/js/main.js:372:3) @ http://localhost:8741/assets/js/main.js:33
[    1640ms] [ERROR] Failed to load resource: the server responded with a status of 404 (Not Found) @ http://localhost:8741/partials/footer:0
[    1640ms] [ERROR] Failed to load partial "footer" from ../partials/footer.html: Error: HTTP 404
    at http://localhost:8741/assets/js/main.js:31:26
    at async Promise.all (index 1)
    at async injectPartials (http://localhost:8741/assets/js/main.js:23:3)
    at async HTMLDocument.<anonymous> (http://localhost:8741/assets/js/main.js:372:3) @ http://localhost:8741/assets/js/main.js:33
[    2207ms] [ERROR] Failed to load resource: the server responded with a status of 404 (Not Found) @ http://localhost:8741/partials/header:0
[    2208ms] [ERROR] Failed to load partial "header" from ../partials/header.html: Error: HTTP 404
    at http://localhost:8741/assets/js/main.js:31:26
    at async Promise.all (index 0)
    at async injectPartials (http://localhost:8741/assets/js/main.js:23:3)
    at async HTMLDocument.<anonymous> (http://localhost:8741/assets/js/main.js:372:3) @ http://localhost:8741/assets/js/main.js:33
[    2208ms] [ERROR] Failed to load resource: the server responded with a status of 404 (Not Found) @ http://localhost:8741/partials/footer:0
[    2208ms] [ERROR] Failed to load partial "footer" from ../partials/footer.html: Error: HTTP 404
    at http://localhost:8741/assets/js/main.js:31:26
    at async Promise.all (index 1)
    at async injectPartials (http://localhost:8741/assets/js/main.js:23:3)
    at async HTMLDocument.<anonymous> (http://localhost:8741/assets/js/main.js:372:3) @ http://localhost:8741/assets/js/main.js:33
[    2825ms] [ERROR] Failed to load resource: the server responded with a status of 404 (Not Found) @ http://localhost:8741/partials/header:0
[    2825ms] [ERROR] Failed to load partial "header" from ../partials/header.html: Error: HTTP 404
    at http://localhost:8741/assets/js/main.js:31:26
    at async Promise.all (index 0)
    at async injectPartials (http://localhost:8741/assets/js/main.js:23:3)
    at async HTMLDocument.<anonymous> (http://localhost:8741/assets/js/main.js:372:3) @ http://localhost:8741/assets/js/main.js:33
[    2825ms] [ERROR] Failed to load resource: the server responded with a status of 404 (Not Found) @ http://localhost:8741/partials/footer:0
[    2825ms] [ERROR] Failed to load partial "footer" from ../partials/footer.html: Error: HTTP 404
    at http://localhost:8741/assets/js/main.js:31:26
    at async Promise.all (index 1)
    at async injectPartials (http://localhost:8741/assets/js/main.js:23:3)
    at async HTMLDocument.<anonymous> (http://localhost:8741/assets/js/main.js:372:3) @ http://localhost:8741/assets/js/main.js:33
[    3385ms] [ERROR] Failed to load resource: the server responded with a status of 404 (Not Found) @ http://localhost:8741/partials/footer:0
[    3386ms] [ERROR] Failed to load partial "footer" from ../partials/footer.html: Error: HTTP 404
    at http://localhost:8741/assets/js/main.js:31:26
    at async Promise.all (index 1)
    at async injectPartials (http://localhost:8741/assets/js/main.js:23:3)
    at async HTMLDocument.<anonymous> (http://localhost:8741/assets/js/main.js:372:3) @ http://localhost:8741/assets/js/main.js:33
[    3386ms] [ERROR] Failed to load resource: the server responded with a status of 404 (Not Found) @ http://localhost:8741/partials/header:0
[    3386ms] [ERROR] Failed to load partial "header" from ../partials/header.html: Error: HTTP 404
    at http://localhost:8741/assets/js/main.js:31:26
    at async Promise.all (index 0)
    at async injectPartials (http://localhost:8741/assets/js/main.js:23:3)
    at async HTMLDocument.<anonymous> (http://localhost:8741/assets/js/main.js:372:3) @ http://localhost:8741/assets/js/main.js:33
[    4015ms] [ERROR] Failed to load resource: the server responded with a status of 404 (Not Found) @ http://localhost:8741/partials/header:0
[    4016ms] [ERROR] Failed to load partial "header" from ../partials/header.html: Error: HTTP 404
    at http://localhost:8741/assets/js/main.js:31:26
    at async Promise.all (index 0)
    at async injectPartials (http://localhost:8741/assets/js/main.js:23:3)
    at async HTMLDocument.<anonymous> (http://localhost:8741/assets/js/main.js:372:3) @ http://localhost:8741/assets/js/main.js:33
[    4016ms] [ERROR] Failed to load resource: the server responded with a status of 404 (Not Found) @ http://localhost:8741/partials/footer:0
[    4016ms] [ERROR] Failed to load partial "footer" from ../partials/footer.html: Error: HTTP 404
    at http://localhost:8741/assets/js/main.js:31:26
    at async Promise.all (index 1)
    at async injectPartials (http://localhost:8741/assets/js/main.js:23:3)
    at async HTMLDocument.<anonymous> (http://localhost:8741/assets/js/main.js:372:3) @ http://localhost:8741/assets/js/main.js:33
[    4594ms] [ERROR] Failed to load resource: the server responded with a status of 404 (Not Found) @ http://localhost:8741/partials/header:0
[    4594ms] [ERROR] Failed to load partial "header" from ../partials/header.html: Error: HTTP 404
    at http://localhost:8741/assets/js/main.js:31:26
    at async Promise.all (index 0)
    at async injectPartials (http://localhost:8741/assets/js/main.js:23:3)
    at async HTMLDocument.<anonymous> (http://localhost:8741/assets/js/main.js:372:3) @ http://localhost:8741/assets/js/main.js:33
[    4594ms] [ERROR] Failed to load resource: the server responded with a status of 404 (Not Found) @ http://localhost:8741/partials/footer:0
[    4594ms] [ERROR] Failed to load partial "footer" from ../partials/footer.html: Error: HTTP 404
    at http://localhost:8741/assets/js/main.js:31:26
    at async Promise.all (index 1)
    at async injectPartials (http://localhost:8741/assets/js/main.js:23:3)
    at async HTMLDocument.<anonymous> (http://localhost:8741/assets/js/main.js:372:3) @ http://localhost:8741/assets/js/main.js:33
[    5131ms] [ERROR] Failed to load resource: the server responded with a status of 404 (Not Found) @ http://localhost:8741/partials/header:0
[    5131ms] [ERROR] Failed to load partial "header" from ../../partials/header.html: Error: HTTP 404
    at http://localhost:8741/assets/js/main.js:31:26
    at async Promise.all (index 0)
    at async injectPartials (http://localhost:8741/assets/js/main.js:23:3)
    at async HTMLDocument.<anonymous> (http://localhost:8741/assets/js/main.js:372:3) @ http://localhost:8741/assets/js/main.js:33
[    5131ms] [ERROR] Failed to load resource: the server responded with a status of 404 (Not Found) @ http://localhost:8741/partials/footer:0
[    5131ms] [ERROR] Failed to load partial "footer" from ../../partials/footer.html: Error: HTTP 404
    at http://localhost:8741/assets/js/main.js:31:26
    at async Promise.all (index 1)
    at async injectPartials (http://localhost:8741/assets/js/main.js:23:3)
    at async HTMLDocument.<anonymous> (http://localhost:8741/assets/js/main.js:372:3) @ http://localhost:8741/assets/js/main.js:33
[    5697ms] [ERROR] Failed to load resource: the server responded with a status of 404 (Not Found) @ http://localhost:8741/partials/header:0
[    5697ms] [ERROR] Failed to load partial "header" from ../../partials/header.html: Error: HTTP 404
    at http://localhost:8741/assets/js/main.js:31:26
    at async Promise.all (index 0)
    at async injectPartials (http://localhost:8741/assets/js/main.js:23:3)
    at async HTMLDocument.<anonymous> (http://localhost:8741/assets/js/main.js:372:3) @ http://localhost:8741/assets/js/main.js:33
[    5699ms] [ERROR] Failed to load resource: the server responded with a status of 404 (Not Found) @ http://localhost:8741/partials/footer:0
[    5699ms] [ERROR] Failed to load partial "footer" from ../../partials/footer.html: Error: HTTP 404
    at http://localhost:8741/assets/js/main.js:31:26
    at async Promise.all (index 1)
    at async injectPartials (http://localhost:8741/assets/js/main.js:23:3)
    at async HTMLDocument.<anonymous> (http://localhost:8741/assets/js/main.js:372:3) @ http://localhost:8741/assets/js/main.js:33
[    6255ms] [ERROR] Failed to load resource: the server responded with a status of 404 (Not Found) @ http://localhost:8741/partials/header:0
[    6255ms] [ERROR] Failed to load partial "header" from ../../partials/header.html: Error: HTTP 404
    at http://localhost:8741/assets/js/main.js:31:26
    at async Promise.all (index 0)
    at async injectPartials (http://localhost:8741/assets/js/main.js:23:3)
    at async HTMLDocument.<anonymous> (http://localhost:8741/assets/js/main.js:372:3) @ http://localhost:8741/assets/js/main.js:33
[    6256ms] [ERROR] Failed to load resource: the server responded with a status of 404 (Not Found) @ http://localhost:8741/partials/footer:0
[    6256ms] [ERROR] Failed to load partial "footer" from ../../partials/footer.html: Error: HTTP 404
    at http://localhost:8741/assets/js/main.js:31:26
    at async Promise.all (index 1)
    at async injectPartials (http://localhost:8741/assets/js/main.js:23:3)
    at async HTMLDocument.<anonymous> (http://localhost:8741/assets/js/main.js:372:3) @ http://localhost:8741/assets/js/main.js:33
[    6805ms] [ERROR] Failed to load resource: the server responded with a status of 404 (Not Found) @ http://localhost:8741/partials/header:0
[    6806ms] [ERROR] Failed to load partial "header" from ../../partials/header.html: Error: HTTP 404
    at http://localhost:8741/assets/js/main.js:31:26
    at async Promise.all (index 0)
    at async injectPartials (http://localhost:8741/assets/js/main.js:23:3)
    at async HTMLDocument.<anonymous> (http://localhost:8741/assets/js/main.js:372:3) @ http://localhost:8741/assets/js/main.js:33
[    6806ms] [ERROR] Failed to load resource: the server responded with a status of 404 (Not Found) @ http://localhost:8741/partials/footer:0
[    6806ms] [ERROR] Failed to load partial "footer" from ../../partials/footer.html: Error: HTTP 404
    at http://localhost:8741/assets/js/main.js:31:26
    at async Promise.all (index 1)
    at async injectPartials (http://localhost:8741/assets/js/main.js:23:3)
    at async HTMLDocument.<anonymous> (http://localhost:8741/assets/js/main.js:372:3) @ http://localhost:8741/assets/js/main.js:33
[    7367ms] [ERROR] Failed to load resource: the server responded with a status of 404 (Not Found) @ http://localhost:8741/partials/header:0
[    7367ms] [ERROR] Failed to load partial "header" from ../../partials/header.html: Error: HTTP 404
    at http://localhost:8741/assets/js/main.js:31:26
    at async Promise.all (index 0)
    at async injectPartials (http://localhost:8741/assets/js/main.js:23:3)
    at async HTMLDocument.<anonymous> (http://localhost:8741/assets/js/main.js:372:3) @ http://localhost:8741/assets/js/main.js:33
[    7368ms] [ERROR] Failed to load resource: the server responded with a status of 404 (Not Found) @ http://localhost:8741/partials/footer:0
[    7368ms] [ERROR] Failed to load partial "footer" from ../../partials/footer.html: Error: HTTP 404
    at http://localhost:8741/assets/js/main.js:31:26
    at async Promise.all (index 1)
    at async injectPartials (http://localhost:8741/assets/js/main.js:23:3)
    at async HTMLDocument.<anonymous> (http://localhost:8741/assets/js/main.js:372:3) @ http://localhost:8741/assets/js/main.js:33
[    7922ms] [ERROR] Failed to load resource: the server responded with a status of 404 (Not Found) @ http://localhost:8741/partials/header:0
[    7922ms] [ERROR] Failed to load partial "header" from ../../partials/header.html: Error: HTTP 404
    at http://localhost:8741/assets/js/main.js:31:26
    at async Promise.all (index 0)
    at async injectPartials (http://localhost:8741/assets/js/main.js:23:3)
    at async HTMLDocument.<anonymous> (http://localhost:8741/assets/js/main.js:372:3) @ http://localhost:8741/assets/js/main.js:33
[    7923ms] [ERROR] Failed to load resource: the server responded with a status of 404 (Not Found) @ http://localhost:8741/partials/footer:0
[    7923ms] [ERROR] Failed to load partial "footer" from ../../partials/footer.html: Error: HTTP 404
    at http://localhost:8741/assets/js/main.js:31:26
    at async Promise.all (index 1)
    at async injectPartials (http://localhost:8741/assets/js/main.js:23:3)
    at async HTMLDocument.<anonymous> (http://localhost:8741/assets/js/main.js:372:3) @ http://localhost:8741/assets/js/main.js:33
[    8509ms] [ERROR] Failed to load resource: the server responded with a status of 404 (Not Found) @ http://localhost:8741/partials/header:0
[    8510ms] [ERROR] Failed to load partial "header" from ../../partials/header.html: Error: HTTP 404
    at http://localhost:8741/assets/js/main.js:31:26
    at async Promise.all (index 0)
    at async injectPartials (http://localhost:8741/assets/js/main.js:23:3)
    at async HTMLDocument.<anonymous> (http://localhost:8741/assets/js/main.js:372:3) @ http://localhost:8741/assets/js/main.js:33
[    8510ms] [ERROR] Failed to load resource: the server responded with a status of 404 (Not Found) @ http://localhost:8741/partials/footer:0
[    8510ms] [ERROR] Failed to load partial "footer" from ../../partials/footer.html: Error: HTTP 404
    at http://localhost:8741/assets/js/main.js:31:26
    at async Promise.all (index 1)
    at async injectPartials (http://localhost:8741/assets/js/main.js:23:3)
    at async HTMLDocument.<anonymous> (http://localhost:8741/assets/js/main.js:372:3) @ http://localhost:8741/assets/js/main.js:33
[    9069ms] [ERROR] Failed to load resource: the server responded with a status of 404 (Not Found) @ http://localhost:8741/partials/header:0
[    9069ms] [ERROR] Failed to load partial "header" from ../../partials/header.html: Error: HTTP 404
    at http://localhost:8741/assets/js/main.js:31:26
    at async Promise.all (index 0)
    at async injectPartials (http://localhost:8741/assets/js/main.js:23:3)
    at async HTMLDocument.<anonymous> (http://localhost:8741/assets/js/main.js:372:3) @ http://localhost:8741/assets/js/main.js:33
[    9069ms] [ERROR] Failed to load resource: the server responded with a status of 404 (Not Found) @ http://localhost:8741/partials/footer:0
[    9069ms] [ERROR] Failed to load partial "footer" from ../../partials/footer.html: Error: HTTP 404
    at http://localhost:8741/assets/js/main.js:31:26
    at async Promise.all (index 1)
    at async injectPartials (http://localhost:8741/assets/js/main.js:23:3)
    at async HTMLDocument.<anonymous> (http://localhost:8741/assets/js/main.js:372:3) @ http://localhost:8741/assets/js/main.js:33
[    9660ms] [ERROR] Failed to load resource: the server responded with a status of 404 (Not Found) @ http://localhost:8741/partials/header:0
[    9660ms] [ERROR] Failed to load partial "header" from ../../partials/header.html: Error: HTTP 404
    at http://localhost:8741/assets/js/main.js:31:26
    at async Promise.all (index 0)
    at async injectPartials (http://localhost:8741/assets/js/main.js:23:3)
    at async HTMLDocument.<anonymous> (http://localhost:8741/assets/js/main.js:372:3) @ http://localhost:8741/assets/js/main.js:33
[    9660ms] [ERROR] Failed to load resource: the server responded with a status of 404 (Not Found) @ http://localhost:8741/partials/footer:0
[    9661ms] [ERROR] Failed to load partial "footer" from ../../partials/footer.html: Error: HTTP 404
    at http://localhost:8741/assets/js/main.js:31:26
    at async Promise.all (index 1)
    at async injectPartials (http://localhost:8741/assets/js/main.js:23:3)
    at async HTMLDocument.<anonymous> (http://localhost:8741/assets/js/main.js:372:3) @ http://localhost:8741/assets/js/main.js:33
[   10224ms] [ERROR] Failed to load resource: the server responded with a status of 404 (Not Found) @ http://localhost:8741/partials/footer:0
[   10224ms] [ERROR] Failed to load partial "footer" from ../../partials/footer.html: Error: HTTP 404
    at http://localhost:8741/assets/js/main.js:31:26
    at async Promise.all (index 1)
    at async injectPartials (http://localhost:8741/assets/js/main.js:23:3)
    at async HTMLDocument.<anonymous> (http://localhost:8741/assets/js/main.js:372:3) @ http://localhost:8741/assets/js/main.js:33
[   10225ms] [ERROR] Failed to load resource: the server responded with a status of 404 (Not Found) @ http://localhost:8741/partials/header:0
[   10225ms] [ERROR] Failed to load partial "header" from ../../partials/header.html: Error: HTTP 404
    at http://localhost:8741/assets/js/main.js:31:26
    at async Promise.all (index 0)
    at async injectPartials (http://localhost:8741/assets/js/main.js:23:3)
    at async HTMLDocument.<anonymous> (http://localhost:8741/assets/js/main.js:372:3) @ http://localhost:8741/assets/js/main.js:33
[   10763ms] [ERROR] Failed to load resource: the server responded with a status of 404 (Not Found) @ http://localhost:8741/partials/header:0
[   10763ms] [ERROR] Failed to load partial "header" from ../../partials/header.html: Error: HTTP 404
    at http://localhost:8741/assets/js/main.js:31:26
    at async Promise.all (index 0)
    at async injectPartials (http://localhost:8741/assets/js/main.js:23:3)
    at async HTMLDocument.<anonymous> (http://localhost:8741/assets/js/main.js:372:3) @ http://localhost:8741/assets/js/main.js:33
[   10763ms] [ERROR] Failed to load resource: the server responded with a status of 404 (Not Found) @ http://localhost:8741/partials/footer:0
[   10763ms] [ERROR] Failed to load partial "footer" from ../../partials/footer.html: Error: HTTP 404
    at http://localhost:8741/assets/js/main.js:31:26
    at async Promise.all (index 1)
    at async injectPartials (http://localhost:8741/assets/js/main.js:23:3)
    at async HTMLDocument.<anonymous> (http://localhost:8741/assets/js/main.js:372:3) @ http://localhost:8741/assets/js/main.js:33
[   11305ms] [ERROR] Failed to load resource: the server responded with a status of 404 (Not Found) @ http://localhost:8741/partials/header:0
[   11306ms] [ERROR] Failed to load partial "header" from ../../partials/header.html: Error: HTTP 404
    at http://localhost:8741/assets/js/main.js:31:26
    at async Promise.all (index 0)
    at async injectPartials (http://localhost:8741/assets/js/main.js:23:3)
    at async HTMLDocument.<anonymous> (http://localhost:8741/assets/js/main.js:372:3) @ http://localhost:8741/assets/js/main.js:33
[   11306ms] [ERROR] Failed to load resource: the server responded with a status of 404 (Not Found) @ http://localhost:8741/partials/footer:0
[   11306ms] [ERROR] Failed to load partial "footer" from ../../partials/footer.html: Error: HTTP 404
    at http://localhost:8741/assets/js/main.js:31:26
    at async Promise.all (index 1)
    at async injectPartials (http://localhost:8741/assets/js/main.js:23:3)
    at async HTMLDocument.<anonymous> (http://localhost:8741/assets/js/main.js:372:3) @ http://localhost:8741/assets/js/main.js:33
[   11888ms] [ERROR] Failed to load resource: the server responded with a status of 404 (Not Found) @ http://localhost:8741/partials/header:0
[   11888ms] [ERROR] Failed to load partial "header" from ../../partials/header.html: Error: HTTP 404
    at http://localhost:8741/assets/js/main.js:31:26
    at async Promise.all (index 0)
    at async injectPartials (http://localhost:8741/assets/js/main.js:23:3)
    at async HTMLDocument.<anonymous> (http://localhost:8741/assets/js/main.js:372:3) @ http://localhost:8741/assets/js/main.js:33
[   11888ms] [ERROR] Failed to load resource: the server responded with a status of 404 (Not Found) @ http://localhost:8741/partials/footer:0
[   11889ms] [ERROR] Failed to load partial "footer" from ../../partials/footer.html: Error: HTTP 404
    at http://localhost:8741/assets/js/main.js:31:26
    at async Promise.all (index 1)
    at async injectPartials (http://localhost:8741/assets/js/main.js:23:3)
    at async HTMLDocument.<anonymous> (http://localhost:8741/assets/js/main.js:372:3) @ http://localhost:8741/assets/js/main.js:33
[   12492ms] [ERROR] Failed to load resource: the server responded with a status of 404 (Not Found) @ http://localhost:8741/partials/header:0
[   12492ms] [ERROR] Failed to load partial "header" from ../../partials/header.html: Error: HTTP 404
    at http://localhost:8741/assets/js/main.js:31:26
    at async Promise.all (index 0)
    at async injectPartials (http://localhost:8741/assets/js/main.js:23:3)
    at async HTMLDocument.<anonymous> (http://localhost:8741/assets/js/main.js:372:3) @ http://localhost:8741/assets/js/main.js:33
[   12493ms] [ERROR] Failed to load resource: the server responded with a status of 404 (Not Found) @ http://localhost:8741/partials/footer:0
[   12493ms] [ERROR] Failed to load partial "footer" from ../../partials/footer.html: Error: HTTP 404
    at http://localhost:8741/assets/js/main.js:31:26
    at async Promise.all (index 1)
    at async injectPartials (http://localhost:8741/assets/js/main.js:23:3)
    at async HTMLDocument.<anonymous> (http://localhost:8741/assets/js/main.js:372:3) @ http://localhost:8741/assets/js/main.js:33
[   13036ms] [ERROR] Failed to load resource: the server responded with a status of 404 (Not Found) @ http://localhost:8741/partials/header:0
[   13036ms] [ERROR] Failed to load partial "header" from ../../partials/header.html: Error: HTTP 404
    at http://localhost:8741/assets/js/main.js:31:26
    at async Promise.all (index 0)
    at async injectPartials (http://localhost:8741/assets/js/main.js:23:3)
    at async HTMLDocument.<anonymous> (http://localhost:8741/assets/js/main.js:372:3) @ http://localhost:8741/assets/js/main.js:33
[   13036ms] [ERROR] Failed to load resource: the server responded with a status of 404 (Not Found) @ http://localhost:8741/partials/footer:0
[   13037ms] [ERROR] Failed to load partial "footer" from ../../partials/footer.html: Error: HTTP 404
    at http://localhost:8741/assets/js/main.js:31:26
    at async Promise.all (index 1)
    at async injectPartials (http://localhost:8741/assets/js/main.js:23:3)
    at async HTMLDocument.<anonymous> (http://localhost:8741/assets/js/main.js:372:3) @ http://localhost:8741/assets/js/main.js:33
[   13575ms] [ERROR] Failed to load resource: the server responded with a status of 404 (Not Found) @ http://localhost:8741/partials/header:0
[   13575ms] [ERROR] Failed to load partial "header" from ../../partials/header.html: Error: HTTP 404
    at http://localhost:8741/assets/js/main.js:31:26
    at async Promise.all (index 0)
    at async injectPartials (http://localhost:8741/assets/js/main.js:23:3)
    at async HTMLDocument.<anonymous> (http://localhost:8741/assets/js/main.js:372:3) @ http://localhost:8741/assets/js/main.js:33
[   13576ms] [ERROR] Failed to load resource: the server responded with a status of 404 (Not Found) @ http://localhost:8741/partials/footer:0
[   13576ms] [ERROR] Failed to load partial "footer" from ../../partials/footer.html: Error: HTTP 404
    at http://localhost:8741/assets/js/main.js:31:26
    at async Promise.all (index 1)
    at async injectPartials (http://localhost:8741/assets/js/main.js:23:3)
    at async HTMLDocument.<anonymous> (http://localhost:8741/assets/js/main.js:372:3) @ http://localhost:8741/assets/js/main.js:33
[   14140ms] [ERROR] Failed to load resource: the server responded with a status of 404 (Not Found) @ http://localhost:8741/partials/header:0
[   14140ms] [ERROR] Failed to load partial "header" from ../../partials/header.html: Error: HTTP 404
    at http://localhost:8741/assets/js/main.js:31:26
    at async Promise.all (index 0)
    at async injectPartials (http://localhost:8741/assets/js/main.js:23:3)
    at async HTMLDocument.<anonymous> (http://localhost:8741/assets/js/main.js:372:3) @ http://localhost:8741/assets/js/main.js:33
[   14142ms] [ERROR] Failed to load resource: the server responded with a status of 404 (Not Found) @ http://localhost:8741/partials/footer:0
[   14142ms] [ERROR] Failed to load partial "footer" from ../../partials/footer.html: Error: HTTP 404
    at http://localhost:8741/assets/js/main.js:31:26
    at async Promise.all (index 1)
    at async injectPartials (http://localhost:8741/assets/js/main.js:23:3)
    at async HTMLDocument.<anonymous> (http://localhost:8741/assets/js/main.js:372:3) @ http://localhost:8741/assets/js/main.js:33
[   14691ms] [ERROR] Failed to load resource: the server responded with a status of 404 (Not Found) @ http://localhost:8741/partials/header:0
[   14691ms] [ERROR] Failed to load partial "header" from ../../partials/header.html: Error: HTTP 404
    at http://localhost:8741/assets/js/main.js:31:26
    at async Promise.all (index 0)
    at async injectPartials (http://localhost:8741/assets/js/main.js:23:3)
    at async HTMLDocument.<anonymous> (http://localhost:8741/assets/js/main.js:372:3) @ http://localhost:8741/assets/js/main.js:33
[   14691ms] [ERROR] Failed to load resource: the server responded with a status of 404 (Not Found) @ http://localhost:8741/partials/footer:0
[   14691ms] [ERROR] Failed to load partial "footer" from ../../partials/footer.html: Error: HTTP 404
    at http://localhost:8741/assets/js/main.js:31:26
    at async Promise.all (index 1)
    at async injectPartials (http://localhost:8741/assets/js/main.js:23:3)
    at async HTMLDocument.<anonymous> (http://localhost:8741/assets/js/main.js:372:3) @ http://localhost:8741/assets/js/main.js:33
[   15244ms] [ERROR] Failed to load resource: the server responded with a status of 404 (Not Found) @ http://localhost:8741/partials/header:0
[   15244ms] [ERROR] Failed to load partial "header" from ../../partials/header.html: Error: HTTP 404
    at http://localhost:8741/assets/js/main.js:31:26
    at async Promise.all (index 0)
    at async injectPartials (http://localhost:8741/assets/js/main.js:23:3)
    at async HTMLDocument.<anonymous> (http://localhost:8741/assets/js/main.js:372:3) @ http://localhost:8741/assets/js/main.js:33
[   15244ms] [ERROR] Failed to load resource: the server responded with a status of 404 (Not Found) @ http://localhost:8741/partials/footer:0
[   15245ms] [ERROR] Failed to load partial "footer" from ../../partials/footer.html: Error: HTTP 404
    at http://localhost:8741/assets/js/main.js:31:26
    at async Promise.all (index 1)
    at async injectPartials (http://localhost:8741/assets/js/main.js:23:3)
    at async HTMLDocument.<anonymous> (http://localhost:8741/assets/js/main.js:372:3) @ http://localhost:8741/assets/js/main.js:33
[   15945ms] [ERROR] Failed to load resource: the server responded with a status of 404 (Not Found) @ http://localhost:8741/partials/header:0
[   15945ms] [ERROR] Failed to load partial "header" from ../../partials/header.html: Error: HTTP 404
    at http://localhost:8741/assets/js/main.js:31:26
    at async Promise.all (index 0)
    at async injectPartials (http://localhost:8741/assets/js/main.js:23:3)
    at async HTMLDocument.<anonymous> (http://localhost:8741/assets/js/main.js:372:3) @ http://localhost:8741/assets/js/main.js:33
[   15946ms] [ERROR] Failed to load resource: the server responded with a status of 404 (Not Found) @ http://localhost:8741/partials/footer:0
[   15946ms] [ERROR] Failed to load partial "footer" from ../../partials/footer.html: Error: HTTP 404
    at http://localhost:8741/assets/js/main.js:31:26
    at async Promise.all (index 1)
    at async injectPartials (http://localhost:8741/assets/js/main.js:23:3)
    at async HTMLDocument.<anonymous> (http://localhost:8741/assets/js/main.js:372:3) @ http://localhost:8741/assets/js/main.js:33
[   16495ms] [ERROR] Failed to load resource: the server responded with a status of 404 (Not Found) @ http://localhost:8741/partials/header:0
[   16496ms] [ERROR] Failed to load partial "header" from ../../partials/header.html: Error: HTTP 404
    at http://localhost:8741/assets/js/main.js:31:26
    at async Promise.all (index 0)
    at async injectPartials (http://localhost:8741/assets/js/main.js:23:3)
    at async HTMLDocument.<anonymous> (http://localhost:8741/assets/js/main.js:372:3) @ http://localhost:8741/assets/js/main.js:33
[   16499ms] [ERROR] Failed to load resource: the server responded with a status of 404 (Not Found) @ http://localhost:8741/partials/footer:0
[   16499ms] [ERROR] Failed to load partial "footer" from ../../partials/footer.html: Error: HTTP 404
    at http://localhost:8741/assets/js/main.js:31:26
    at async Promise.all (index 1)
    at async injectPartials (http://localhost:8741/assets/js/main.js:23:3)
    at async HTMLDocument.<anonymous> (http://localhost:8741/assets/js/main.js:372:3) @ http://localhost:8741/assets/js/main.js:33
[   17118ms] [ERROR] Failed to load resource: the server responded with a status of 404 (Not Found) @ http://localhost:8741/partials/header:0
[   17118ms] [ERROR] Failed to load partial "header" from ../../partials/header.html: Error: HTTP 404
    at http://localhost:8741/assets/js/main.js:31:26
    at async Promise.all (index 0)
    at async injectPartials (http://localhost:8741/assets/js/main.js:23:3)
    at async HTMLDocument.<anonymous> (http://localhost:8741/assets/js/main.js:372:3) @ http://localhost:8741/assets/js/main.js:33
[   17119ms] [ERROR] Failed to load resource: the server responded with a status of 404 (Not Found) @ http://localhost:8741/partials/footer:0
[   17119ms] [ERROR] Failed to load partial "footer" from ../../partials/footer.html: Error: HTTP 404
    at http://localhost:8741/assets/js/main.js:31:26
    at async Promise.all (index 1)
    at async injectPartials (http://localhost:8741/assets/js/main.js:23:3)
    at async HTMLDocument.<anonymous> (http://localhost:8741/assets/js/main.js:372:3) @ http://localhost:8741/assets/js/main.js:33
[   17674ms] [ERROR] Failed to load resource: the server responded with a status of 404 (Not Found) @ http://localhost:8741/partials/header:0
[   17675ms] [ERROR] Failed to load partial "header" from ../../partials/header.html: Error: HTTP 404
    at http://localhost:8741/assets/js/main.js:31:26
    at async Promise.all (index 0)
    at async injectPartials (http://localhost:8741/assets/js/main.js:23:3)
    at async HTMLDocument.<anonymous> (http://localhost:8741/assets/js/main.js:372:3) @ http://localhost:8741/assets/js/main.js:33
[   17675ms] [ERROR] Failed to load resource: the server responded with a status of 404 (Not Found) @ http://localhost:8741/partials/footer:0
[   17675ms] [ERROR] Failed to load partial "footer" from ../../partials/footer.html: Error: HTTP 404
    at http://localhost:8741/assets/js/main.js:31:26
    at async Promise.all (index 1)
    at async injectPartials (http://localhost:8741/assets/js/main.js:23:3)
    at async HTMLDocument.<anonymous> (http://localhost:8741/assets/js/main.js:372:3) @ http://localhost:8741/assets/js/main.js:33
[   18277ms] [ERROR] Failed to load resource: the server responded with a status of 404 (Not Found) @ http://localhost:8741/partials/header:0
[   18277ms] [ERROR] Failed to load partial "header" from ../../partials/header.html: Error: HTTP 404
    at http://localhost:8741/assets/js/main.js:31:26
    at async Promise.all (index 0)
    at async injectPartials (http://localhost:8741/assets/js/main.js:23:3)
    at async HTMLDocument.<anonymous> (http://localhost:8741/assets/js/main.js:372:3) @ http://localhost:8741/assets/js/main.js:33
[   18277ms] [ERROR] Failed to load resource: the server responded with a status of 404 (Not Found) @ http://localhost:8741/partials/footer:0
[   18278ms] [ERROR] Failed to load partial "footer" from ../../partials/footer.html: Error: HTTP 404
    at http://localhost:8741/assets/js/main.js:31:26
    at async Promise.all (index 1)
    at async injectPartials (http://localhost:8741/assets/js/main.js:23:3)
    at async HTMLDocument.<anonymous> (http://localhost:8741/assets/js/main.js:372:3) @ http://localhost:8741/assets/js/main.js:33
[   18894ms] [ERROR] Failed to load resource: the server responded with a status of 404 (Not Found) @ http://localhost:8741/partials/header:0
[   18895ms] [ERROR] Failed to load partial "header" from ../../partials/header.html: Error: HTTP 404
    at http://localhost:8741/assets/js/main.js:31:26
    at async Promise.all (index 0)
    at async injectPartials (http://localhost:8741/assets/js/main.js:23:3)
    at async HTMLDocument.<anonymous> (http://localhost:8741/assets/js/main.js:372:3) @ http://localhost:8741/assets/js/main.js:33
[   18895ms] [ERROR] Failed to load resource: the server responded with a status of 404 (Not Found) @ http://localhost:8741/partials/footer:0
[   18896ms] [ERROR] Failed to load partial "footer" from ../../partials/footer.html: Error: HTTP 404
    at http://localhost:8741/assets/js/main.js:31:26
    at async Promise.all (index 1)
    at async injectPartials (http://localhost:8741/assets/js/main.js:23:3)
    at async HTMLDocument.<anonymous> (http://localhost:8741/assets/js/main.js:372:3) @ http://localhost:8741/assets/js/main.js:33
