[     309ms] [ERROR] Failed to load resource: the server responded with a status of 404 (Not Found) @ http://localhost:8741/partials/header:0
[     310ms] [ERROR] Failed to load partial "header" from partials/header.html: Error: HTTP 404
    at http://localhost:8741/assets/js/main.js:31:26
    at async Promise.all (index 0)
    at async injectPartials (http://localhost:8741/assets/js/main.js:23:3)
    at async HTMLDocument.<anonymous> (http://localhost:8741/assets/js/main.js:372:3) @ http://localhost:8741/assets/js/main.js:33
[     312ms] [ERROR] Failed to load resource: the server responded with a status of 404 (Not Found) @ http://localhost:8741/partials/footer:0
[     313ms] [ERROR] Failed to load partial "footer" from partials/footer.html: Error: HTTP 404
    at http://localhost:8741/assets/js/main.js:31:26
    at async Promise.all (index 1)
    at async injectPartials (http://localhost:8741/assets/js/main.js:23:3)
    at async HTMLDocument.<anonymous> (http://localhost:8741/assets/js/main.js:372:3) @ http://localhost:8741/assets/js/main.js:33
[    1001ms] [ERROR] Failed to load resource: the server responded with a status of 404 (Not Found) @ http://localhost:8741/partials/header:0
[    1002ms] [ERROR] Failed to load partial "header" from ../partials/header.html: Error: HTTP 404
    at http://localhost:8741/assets/js/main.js:31:26
    at async Promise.all (index 0)
    at async injectPartials (http://localhost:8741/assets/js/main.js:23:3)
    at async HTMLDocument.<anonymous> (http://localhost:8741/assets/js/main.js:372:3) @ http://localhost:8741/assets/js/main.js:33
[    1002ms] [ERROR] Failed to load resource: the server responded with a status of 404 (Not Found) @ http://localhost:8741/partials/footer:0
[    1002ms] [ERROR] Failed to load partial "footer" from ../partials/footer.html: Error: HTTP 404
    at http://localhost:8741/assets/js/main.js:31:26
    at async Promise.all (index 1)
    at async injectPartials (http://localhost:8741/assets/js/main.js:23:3)
    at async HTMLDocument.<anonymous> (http://localhost:8741/assets/js/main.js:372:3) @ http://localhost:8741/assets/js/main.js:33
[    1532ms] [ERROR] Failed to load resource: the server responded with a status of 404 (Not Found) @ http://localhost:8741/partials/header:0
[    1532ms] [ERROR] Failed to load partial "header" from ../partials/header.html: Error: HTTP 404
    at http://localhost:8741/assets/js/main.js:31:26
    at async Promise.all (index 0)
    at async injectPartials (http://localhost:8741/assets/js/main.js:23:3)
    at async HTMLDocument.<anonymous> (http://localhost:8741/assets/js/main.js:372:3) @ http://localhost:8741/assets/js/main.js:33
[    1532ms] [ERROR] Failed to load resource: the server responded with a status of 404 (Not Found) @ http://localhost:8741/partials/footer:0
[    1532ms] [ERROR] Failed to load partial "footer" from ../partials/footer.html: Error: HTTP 404
    at http://localhost:8741/assets/js/main.js:31:26
    at async Promise.all (index 1)
    at async injectPartials (http://localhost:8741/assets/js/main.js:23:3)
    at async HTMLDocument.<anonymous> (http://localhost:8741/assets/js/main.js:372:3) @ http://localhost:8741/assets/js/main.js:33
[    2102ms] [ERROR] Failed to load resource: the server responded with a status of 404 (Not Found) @ http://localhost:8741/partials/header:0
[    2102ms] [ERROR] Failed to load partial "header" from ../partials/header.html: Error: HTTP 404
    at http://localhost:8741/assets/js/main.js:31:26
    at async Promise.all (index 0)
    at async injectPartials (http://localhost:8741/assets/js/main.js:23:3)
    at async HTMLDocument.<anonymous> (http://localhost:8741/assets/js/main.js:372:3) @ http://localhost:8741/assets/js/main.js:33
[    2102ms] [ERROR] Failed to load resource: the server responded with a status of 404 (Not Found) @ http://localhost:8741/partials/footer:0
[    2102ms] [ERROR] Failed to load partial "footer" from ../partials/footer.html: Error: HTTP 404
    at http://localhost:8741/assets/js/main.js:31:26
    at async Promise.all (index 1)
    at async injectPartials (http://localhost:8741/assets/js/main.js:23:3)
    at async HTMLDocument.<anonymous> (http://localhost:8741/assets/js/main.js:372:3) @ http://localhost:8741/assets/js/main.js:33
[    2655ms] [ERROR] Failed to load resource: the server responded with a status of 404 (Not Found) @ http://localhost:8741/partials/header:0
[    2655ms] [ERROR] Failed to load partial "header" from ../partials/header.html: Error: HTTP 404
    at http://localhost:8741/assets/js/main.js:31:26
    at async Promise.all (index 0)
    at async injectPartials (http://localhost:8741/assets/js/main.js:23:3)
    at async HTMLDocument.<anonymous> (http://localhost:8741/assets/js/main.js:372:3) @ http://localhost:8741/assets/js/main.js:33
[    2655ms] [ERROR] Failed to load resource: the server responded with a status of 404 (Not Found) @ http://localhost:8741/partials/footer:0
[    2655ms] [ERROR] Failed to load partial "footer" from ../partials/footer.html: Error: HTTP 404
    at http://localhost:8741/assets/js/main.js:31:26
    at async Promise.all (index 1)
    at async injectPartials (http://localhost:8741/assets/js/main.js:23:3)
    at async HTMLDocument.<anonymous> (http://localhost:8741/assets/js/main.js:372:3) @ http://localhost:8741/assets/js/main.js:33
[    3199ms] [ERROR] Failed to load resource: the server responded with a status of 404 (Not Found) @ http://localhost:8741/partials/header:0
[    3199ms] [ERROR] Failed to load partial "header" from ../partials/header.html: Error: HTTP 404
    at http://localhost:8741/assets/js/main.js:31:26
    at async Promise.all (index 0)
    at async injectPartials (http://localhost:8741/assets/js/main.js:23:3)
    at async HTMLDocument.<anonymous> (http://localhost:8741/assets/js/main.js:372:3) @ http://localhost:8741/assets/js/main.js:33
[    3199ms] [ERROR] Failed to load resource: the server responded with a status of 404 (Not Found) @ http://localhost:8741/partials/footer:0
[    3199ms] [ERROR] Failed to load partial "footer" from ../partials/footer.html: Error: HTTP 404
    at http://localhost:8741/assets/js/main.js:31:26
    at async Promise.all (index 1)
    at async injectPartials (http://localhost:8741/assets/js/main.js:23:3)
    at async HTMLDocument.<anonymous> (http://localhost:8741/assets/js/main.js:372:3) @ http://localhost:8741/assets/js/main.js:33
[    3792ms] [ERROR] Failed to load resource: the server responded with a status of 404 (Not Found) @ http://localhost:8741/partials/header:0
[    3792ms] [ERROR] Failed to load partial "header" from ../partials/header.html: Error: HTTP 404
    at http://localhost:8741/assets/js/main.js:31:26
    at async Promise.all (index 0)
    at async injectPartials (http://localhost:8741/assets/js/main.js:23:3)
    at async HTMLDocument.<anonymous> (http://localhost:8741/assets/js/main.js:372:3) @ http://localhost:8741/assets/js/main.js:33
[    3792ms] [ERROR] Failed to load resource: the server responded with a status of 404 (Not Found) @ http://localhost:8741/partials/footer:0
[    3793ms] [ERROR] Failed to load partial "footer" from ../partials/footer.html: Error: HTTP 404
    at http://localhost:8741/assets/js/main.js:31:26
    at async Promise.all (index 1)
    at async injectPartials (http://localhost:8741/assets/js/main.js:23:3)
    at async HTMLDocument.<anonymous> (http://localhost:8741/assets/js/main.js:372:3) @ http://localhost:8741/assets/js/main.js:33
[    4363ms] [ERROR] Failed to load resource: the server responded with a status of 404 (Not Found) @ http://localhost:8741/partials/header:0
[    4363ms] [ERROR] Failed to load partial "header" from ../partials/header.html: Error: HTTP 404
    at http://localhost:8741/assets/js/main.js:31:26
    at async Promise.all (index 0)
    at async injectPartials (http://localhost:8741/assets/js/main.js:23:3)
    at async HTMLDocument.<anonymous> (http://localhost:8741/assets/js/main.js:372:3) @ http://localhost:8741/assets/js/main.js:33
[    4363ms] [ERROR] Failed to load resource: the server responded with a status of 404 (Not Found) @ http://localhost:8741/partials/footer:0
[    4363ms] [ERROR] Failed to load partial "footer" from ../partials/footer.html: Error: HTTP 404
    at http://localhost:8741/assets/js/main.js:31:26
    at async Promise.all (index 1)
    at async injectPartials (http://localhost:8741/assets/js/main.js:23:3)
    at async HTMLDocument.<anonymous> (http://localhost:8741/assets/js/main.js:372:3) @ http://localhost:8741/assets/js/main.js:33
[    4889ms] [ERROR] Failed to load resource: the server responded with a status of 404 (Not Found) @ http://localhost:8741/partials/header:0
[    4889ms] [ERROR] Failed to load partial "header" from ../../partials/header.html: Error: HTTP 404
    at http://localhost:8741/assets/js/main.js:31:26
    at async Promise.all (index 0)
    at async injectPartials (http://localhost:8741/assets/js/main.js:23:3)
    at async HTMLDocument.<anonymous> (http://localhost:8741/assets/js/main.js:372:3) @ http://localhost:8741/assets/js/main.js:33
[    4894ms] [ERROR] Failed to load resource: the server responded with a status of 404 (Not Found) @ http://localhost:8741/partials/footer:0
[    4894ms] [ERROR] Failed to load partial "footer" from ../../partials/footer.html: Error: HTTP 404
    at http://localhost:8741/assets/js/main.js:31:26
    at async Promise.all (index 1)
    at async injectPartials (http://localhost:8741/assets/js/main.js:23:3)
    at async HTMLDocument.<anonymous> (http://localhost:8741/assets/js/main.js:372:3) @ http://localhost:8741/assets/js/main.js:33
[    5436ms] [ERROR] Failed to load resource: the server responded with a status of 404 (Not Found) @ http://localhost:8741/partials/header:0
[    5436ms] [ERROR] Failed to load partial "header" from ../../partials/header.html: Error: HTTP 404
    at http://localhost:8741/assets/js/main.js:31:26
    at async Promise.all (index 0)
    at async injectPartials (http://localhost:8741/assets/js/main.js:23:3)
    at async HTMLDocument.<anonymous> (http://localhost:8741/assets/js/main.js:372:3) @ http://localhost:8741/assets/js/main.js:33
[    5437ms] [ERROR] Failed to load resource: the server responded with a status of 404 (Not Found) @ http://localhost:8741/partials/footer:0
[    5437ms] [ERROR] Failed to load partial "footer" from ../../partials/footer.html: Error: HTTP 404
    at http://localhost:8741/assets/js/main.js:31:26
    at async Promise.all (index 1)
    at async injectPartials (http://localhost:8741/assets/js/main.js:23:3)
    at async HTMLDocument.<anonymous> (http://localhost:8741/assets/js/main.js:372:3) @ http://localhost:8741/assets/js/main.js:33
[    5985ms] [ERROR] Failed to load resource: the server responded with a status of 404 (Not Found) @ http://localhost:8741/partials/header:0
[    5986ms] [ERROR] Failed to load partial "header" from ../../partials/header.html: Error: HTTP 404
    at http://localhost:8741/assets/js/main.js:31:26
    at async Promise.all (index 0)
    at async injectPartials (http://localhost:8741/assets/js/main.js:23:3)
    at async HTMLDocument.<anonymous> (http://localhost:8741/assets/js/main.js:372:3) @ http://localhost:8741/assets/js/main.js:33
[    5986ms] [ERROR] Failed to load resource: the server responded with a status of 404 (Not Found) @ http://localhost:8741/partials/footer:0
[    5986ms] [ERROR] Failed to load partial "footer" from ../../partials/footer.html: Error: HTTP 404
    at http://localhost:8741/assets/js/main.js:31:26
    at async Promise.all (index 1)
    at async injectPartials (http://localhost:8741/assets/js/main.js:23:3)
    at async HTMLDocument.<anonymous> (http://localhost:8741/assets/js/main.js:372:3) @ http://localhost:8741/assets/js/main.js:33
[    6545ms] [ERROR] Failed to load resource: the server responded with a status of 404 (Not Found) @ http://localhost:8741/partials/header:0
[    6545ms] [ERROR] Failed to load partial "header" from ../../partials/header.html: Error: HTTP 404
    at http://localhost:8741/assets/js/main.js:31:26
    at async Promise.all (index 0)
    at async injectPartials (http://localhost:8741/assets/js/main.js:23:3)
    at async HTMLDocument.<anonymous> (http://localhost:8741/assets/js/main.js:372:3) @ http://localhost:8741/assets/js/main.js:33
[    6545ms] [ERROR] Failed to load resource: the server responded with a status of 404 (Not Found) @ http://localhost:8741/partials/footer:0
[    6546ms] [ERROR] Failed to load partial "footer" from ../../partials/footer.html: Error: HTTP 404
    at http://localhost:8741/assets/js/main.js:31:26
    at async Promise.all (index 1)
    at async injectPartials (http://localhost:8741/assets/js/main.js:23:3)
    at async HTMLDocument.<anonymous> (http://localhost:8741/assets/js/main.js:372:3) @ http://localhost:8741/assets/js/main.js:33
[    7094ms] [ERROR] Failed to load resource: the server responded with a status of 404 (Not Found) @ http://localhost:8741/partials/header:0
[    7094ms] [ERROR] Failed to load partial "header" from ../../partials/header.html: Error: HTTP 404
    at http://localhost:8741/assets/js/main.js:31:26
    at async Promise.all (index 0)
    at async injectPartials (http://localhost:8741/assets/js/main.js:23:3)
    at async HTMLDocument.<anonymous> (http://localhost:8741/assets/js/main.js:372:3) @ http://localhost:8741/assets/js/main.js:33
[    7094ms] [ERROR] Failed to load resource: the server responded with a status of 404 (Not Found) @ http://localhost:8741/partials/footer:0
[    7094ms] [ERROR] Failed to load partial "footer" from ../../partials/footer.html: Error: HTTP 404
    at http://localhost:8741/assets/js/main.js:31:26
    at async Promise.all (index 1)
    at async injectPartials (http://localhost:8741/assets/js/main.js:23:3)
    at async HTMLDocument.<anonymous> (http://localhost:8741/assets/js/main.js:372:3) @ http://localhost:8741/assets/js/main.js:33
[    7647ms] [ERROR] Failed to load resource: the server responded with a status of 404 (Not Found) @ http://localhost:8741/partials/header:0
[    7648ms] [ERROR] Failed to load partial "header" from ../../partials/header.html: Error: HTTP 404
    at http://localhost:8741/assets/js/main.js:31:26
    at async Promise.all (index 0)
    at async injectPartials (http://localhost:8741/assets/js/main.js:23:3)
    at async HTMLDocument.<anonymous> (http://localhost:8741/assets/js/main.js:372:3) @ http://localhost:8741/assets/js/main.js:33
[    7648ms] [ERROR] Failed to load resource: the server responded with a status of 404 (Not Found) @ http://localhost:8741/partials/footer:0
[    7648ms] [ERROR] Failed to load partial "footer" from ../../partials/footer.html: Error: HTTP 404
    at http://localhost:8741/assets/js/main.js:31:26
    at async Promise.all (index 1)
    at async injectPartials (http://localhost:8741/assets/js/main.js:23:3)
    at async HTMLDocument.<anonymous> (http://localhost:8741/assets/js/main.js:372:3) @ http://localhost:8741/assets/js/main.js:33
[    8220ms] [ERROR] Failed to load resource: the server responded with a status of 404 (Not Found) @ http://localhost:8741/partials/header:0
[    8220ms] [ERROR] Failed to load partial "header" from ../../partials/header.html: Error: HTTP 404
    at http://localhost:8741/assets/js/main.js:31:26
    at async Promise.all (index 0)
    at async injectPartials (http://localhost:8741/assets/js/main.js:23:3)
    at async HTMLDocument.<anonymous> (http://localhost:8741/assets/js/main.js:372:3) @ http://localhost:8741/assets/js/main.js:33
[    8220ms] [ERROR] Failed to load resource: the server responded with a status of 404 (Not Found) @ http://localhost:8741/partials/footer:0
[    8220ms] [ERROR] Failed to load partial "footer" from ../../partials/footer.html: Error: HTTP 404
    at http://localhost:8741/assets/js/main.js:31:26
    at async Promise.all (index 1)
    at async injectPartials (http://localhost:8741/assets/js/main.js:23:3)
    at async HTMLDocument.<anonymous> (http://localhost:8741/assets/js/main.js:372:3) @ http://localhost:8741/assets/js/main.js:33
[    8778ms] [ERROR] Failed to load resource: the server responded with a status of 404 (Not Found) @ http://localhost:8741/partials/header:0
[    8778ms] [ERROR] Failed to load partial "header" from ../../partials/header.html: Error: HTTP 404
    at http://localhost:8741/assets/js/main.js:31:26
    at async Promise.all (index 0)
    at async injectPartials (http://localhost:8741/assets/js/main.js:23:3)
    at async HTMLDocument.<anonymous> (http://localhost:8741/assets/js/main.js:372:3) @ http://localhost:8741/assets/js/main.js:33
[    8779ms] [ERROR] Failed to load resource: the server responded with a status of 404 (Not Found) @ http://localhost:8741/partials/footer:0
[    8779ms] [ERROR] Failed to load partial "footer" from ../../partials/footer.html: Error: HTTP 404
    at http://localhost:8741/assets/js/main.js:31:26
    at async Promise.all (index 1)
    at async injectPartials (http://localhost:8741/assets/js/main.js:23:3)
    at async HTMLDocument.<anonymous> (http://localhost:8741/assets/js/main.js:372:3) @ http://localhost:8741/assets/js/main.js:33
[    9349ms] [ERROR] Failed to load resource: the server responded with a status of 404 (Not Found) @ http://localhost:8741/partials/header:0
[    9349ms] [ERROR] Failed to load partial "header" from ../../partials/header.html: Error: HTTP 404
    at http://localhost:8741/assets/js/main.js:31:26
    at async Promise.all (index 0)
    at async injectPartials (http://localhost:8741/assets/js/main.js:23:3)
    at async HTMLDocument.<anonymous> (http://localhost:8741/assets/js/main.js:372:3) @ http://localhost:8741/assets/js/main.js:33
[    9349ms] [ERROR] Failed to load resource: the server responded with a status of 404 (Not Found) @ http://localhost:8741/partials/footer:0
[    9350ms] [ERROR] Failed to load partial "footer" from ../../partials/footer.html: Error: HTTP 404
    at http://localhost:8741/assets/js/main.js:31:26
    at async Promise.all (index 1)
    at async injectPartials (http://localhost:8741/assets/js/main.js:23:3)
    at async HTMLDocument.<anonymous> (http://localhost:8741/assets/js/main.js:372:3) @ http://localhost:8741/assets/js/main.js:33
[    9912ms] [ERROR] Failed to load resource: the server responded with a status of 404 (Not Found) @ http://localhost:8741/partials/footer:0
[    9912ms] [ERROR] Failed to load partial "footer" from ../../partials/footer.html: Error: HTTP 404
    at http://localhost:8741/assets/js/main.js:31:26
    at async Promise.all (index 1)
    at async injectPartials (http://localhost:8741/assets/js/main.js:23:3)
    at async HTMLDocument.<anonymous> (http://localhost:8741/assets/js/main.js:372:3) @ http://localhost:8741/assets/js/main.js:33
[    9912ms] [ERROR] Failed to load resource: the server responded with a status of 404 (Not Found) @ http://localhost:8741/partials/header:0
[    9912ms] [ERROR] Failed to load partial "header" from ../../partials/header.html: Error: HTTP 404
    at http://localhost:8741/assets/js/main.js:31:26
    at async Promise.all (index 0)
    at async injectPartials (http://localhost:8741/assets/js/main.js:23:3)
    at async HTMLDocument.<anonymous> (http://localhost:8741/assets/js/main.js:372:3) @ http://localhost:8741/assets/js/main.js:33
[   10521ms] [ERROR] Failed to load resource: the server responded with a status of 404 (Not Found) @ http://localhost:8741/partials/header:0
[   10521ms] [ERROR] Failed to load partial "header" from ../../partials/header.html: Error: HTTP 404
    at http://localhost:8741/assets/js/main.js:31:26
    at async Promise.all (index 0)
    at async injectPartials (http://localhost:8741/assets/js/main.js:23:3)
    at async HTMLDocument.<anonymous> (http://localhost:8741/assets/js/main.js:372:3) @ http://localhost:8741/assets/js/main.js:33
[   10522ms] [ERROR] Failed to load resource: the server responded with a status of 404 (Not Found) @ http://localhost:8741/partials/footer:0
[   10522ms] [ERROR] Failed to load partial "footer" from ../../partials/footer.html: Error: HTTP 404
    at http://localhost:8741/assets/js/main.js:31:26
    at async Promise.all (index 1)
    at async injectPartials (http://localhost:8741/assets/js/main.js:23:3)
    at async HTMLDocument.<anonymous> (http://localhost:8741/assets/js/main.js:372:3) @ http://localhost:8741/assets/js/main.js:33
[   11071ms] [ERROR] Failed to load resource: the server responded with a status of 404 (Not Found) @ http://localhost:8741/partials/header:0
[   11071ms] [ERROR] Failed to load partial "header" from ../../partials/header.html: Error: HTTP 404
    at http://localhost:8741/assets/js/main.js:31:26
    at async Promise.all (index 0)
    at async injectPartials (http://localhost:8741/assets/js/main.js:23:3)
    at async HTMLDocument.<anonymous> (http://localhost:8741/assets/js/main.js:372:3) @ http://localhost:8741/assets/js/main.js:33
[   11072ms] [ERROR] Failed to load resource: the server responded with a status of 404 (Not Found) @ http://localhost:8741/partials/footer:0
[   11072ms] [ERROR] Failed to load partial "footer" from ../../partials/footer.html: Error: HTTP 404
    at http://localhost:8741/assets/js/main.js:31:26
    at async Promise.all (index 1)
    at async injectPartials (http://localhost:8741/assets/js/main.js:23:3)
    at async HTMLDocument.<anonymous> (http://localhost:8741/assets/js/main.js:372:3) @ http://localhost:8741/assets/js/main.js:33
[   11630ms] [ERROR] Failed to load resource: the server responded with a status of 404 (Not Found) @ http://localhost:8741/partials/header:0
[   11630ms] [ERROR] Failed to load partial "header" from ../../partials/header.html: Error: HTTP 404
    at http://localhost:8741/assets/js/main.js:31:26
    at async Promise.all (index 0)
    at async injectPartials (http://localhost:8741/assets/js/main.js:23:3)
    at async HTMLDocument.<anonymous> (http://localhost:8741/assets/js/main.js:372:3) @ http://localhost:8741/assets/js/main.js:33
[   11636ms] [ERROR] Failed to load resource: the server responded with a status of 404 (Not Found) @ http://localhost:8741/partials/footer:0
[   11636ms] [ERROR] Failed to load partial "footer" from ../../partials/footer.html: Error: HTTP 404
    at http://localhost:8741/assets/js/main.js:31:26
    at async Promise.all (index 1)
    at async injectPartials (http://localhost:8741/assets/js/main.js:23:3)
    at async HTMLDocument.<anonymous> (http://localhost:8741/assets/js/main.js:372:3) @ http://localhost:8741/assets/js/main.js:33
[   12215ms] [ERROR] Failed to load resource: the server responded with a status of 404 (Not Found) @ http://localhost:8741/partials/footer:0
[   12216ms] [ERROR] Failed to load partial "footer" from ../../partials/footer.html: Error: HTTP 404
    at http://localhost:8741/assets/js/main.js:31:26
    at async Promise.all (index 1)
    at async injectPartials (http://localhost:8741/assets/js/main.js:23:3)
    at async HTMLDocument.<anonymous> (http://localhost:8741/assets/js/main.js:372:3) @ http://localhost:8741/assets/js/main.js:33
[   12217ms] [ERROR] Failed to load resource: the server responded with a status of 404 (Not Found) @ http://localhost:8741/partials/header:0
[   12217ms] [ERROR] Failed to load partial "header" from ../../partials/header.html: Error: HTTP 404
    at http://localhost:8741/assets/js/main.js:31:26
    at async Promise.all (index 0)
    at async injectPartials (http://localhost:8741/assets/js/main.js:23:3)
    at async HTMLDocument.<anonymous> (http://localhost:8741/assets/js/main.js:372:3) @ http://localhost:8741/assets/js/main.js:33
[   12804ms] [ERROR] Failed to load resource: the server responded with a status of 404 (Not Found) @ http://localhost:8741/partials/header:0
[   12804ms] [ERROR] Failed to load partial "header" from ../../partials/header.html: Error: HTTP 404
    at http://localhost:8741/assets/js/main.js:31:26
    at async Promise.all (index 0)
    at async injectPartials (http://localhost:8741/assets/js/main.js:23:3)
    at async HTMLDocument.<anonymous> (http://localhost:8741/assets/js/main.js:372:3) @ http://localhost:8741/assets/js/main.js:33
[   12805ms] [ERROR] Failed to load resource: the server responded with a status of 404 (Not Found) @ http://localhost:8741/partials/footer:0
[   12805ms] [ERROR] Failed to load partial "footer" from ../../partials/footer.html: Error: HTTP 404
    at http://localhost:8741/assets/js/main.js:31:26
    at async Promise.all (index 1)
    at async injectPartials (http://localhost:8741/assets/js/main.js:23:3)
    at async HTMLDocument.<anonymous> (http://localhost:8741/assets/js/main.js:372:3) @ http://localhost:8741/assets/js/main.js:33
[   13349ms] [ERROR] Failed to load resource: the server responded with a status of 404 (Not Found) @ http://localhost:8741/partials/header:0
[   13350ms] [ERROR] Failed to load partial "header" from ../../partials/header.html: Error: HTTP 404
    at http://localhost:8741/assets/js/main.js:31:26
    at async Promise.all (index 0)
    at async injectPartials (http://localhost:8741/assets/js/main.js:23:3)
    at async HTMLDocument.<anonymous> (http://localhost:8741/assets/js/main.js:372:3) @ http://localhost:8741/assets/js/main.js:33
[   13356ms] [ERROR] Failed to load resource: the server responded with a status of 404 (Not Found) @ http://localhost:8741/partials/footer:0
[   13356ms] [ERROR] Failed to load partial "footer" from ../../partials/footer.html: Error: HTTP 404
    at http://localhost:8741/assets/js/main.js:31:26
    at async Promise.all (index 1)
    at async injectPartials (http://localhost:8741/assets/js/main.js:23:3)
    at async HTMLDocument.<anonymous> (http://localhost:8741/assets/js/main.js:372:3) @ http://localhost:8741/assets/js/main.js:33
[   13925ms] [ERROR] Failed to load resource: the server responded with a status of 404 (Not Found) @ http://localhost:8741/partials/header:0
[   13925ms] [ERROR] Failed to load partial "header" from ../../partials/header.html: Error: HTTP 404
    at http://localhost:8741/assets/js/main.js:31:26
    at async Promise.all (index 0)
    at async injectPartials (http://localhost:8741/assets/js/main.js:23:3)
    at async HTMLDocument.<anonymous> (http://localhost:8741/assets/js/main.js:372:3) @ http://localhost:8741/assets/js/main.js:33
[   13925ms] [ERROR] Failed to load resource: the server responded with a status of 404 (Not Found) @ http://localhost:8741/partials/footer:0
[   13926ms] [ERROR] Failed to load partial "footer" from ../../partials/footer.html: Error: HTTP 404
    at http://localhost:8741/assets/js/main.js:31:26
    at async Promise.all (index 1)
    at async injectPartials (http://localhost:8741/assets/js/main.js:23:3)
    at async HTMLDocument.<anonymous> (http://localhost:8741/assets/js/main.js:372:3) @ http://localhost:8741/assets/js/main.js:33
[   14470ms] [ERROR] Failed to load resource: the server responded with a status of 404 (Not Found) @ http://localhost:8741/partials/header:0
[   14470ms] [ERROR] Failed to load partial "header" from ../../partials/header.html: Error: HTTP 404
    at http://localhost:8741/assets/js/main.js:31:26
    at async Promise.all (index 0)
    at async injectPartials (http://localhost:8741/assets/js/main.js:23:3)
    at async HTMLDocument.<anonymous> (http://localhost:8741/assets/js/main.js:372:3) @ http://localhost:8741/assets/js/main.js:33
[   14471ms] [ERROR] Failed to load resource: the server responded with a status of 404 (Not Found) @ http://localhost:8741/partials/footer:0
[   14471ms] [ERROR] Failed to load partial "footer" from ../../partials/footer.html: Error: HTTP 404
    at http://localhost:8741/assets/js/main.js:31:26
    at async Promise.all (index 1)
    at async injectPartials (http://localhost:8741/assets/js/main.js:23:3)
    at async HTMLDocument.<anonymous> (http://localhost:8741/assets/js/main.js:372:3) @ http://localhost:8741/assets/js/main.js:33
[   15063ms] [ERROR] Failed to load resource: the server responded with a status of 404 (Not Found) @ http://localhost:8741/partials/header:0
[   15064ms] [ERROR] Failed to load partial "header" from ../../partials/header.html: Error: HTTP 404
    at http://localhost:8741/assets/js/main.js:31:26
    at async Promise.all (index 0)
    at async injectPartials (http://localhost:8741/assets/js/main.js:23:3)
    at async HTMLDocument.<anonymous> (http://localhost:8741/assets/js/main.js:372:3) @ http://localhost:8741/assets/js/main.js:33
[   15064ms] [ERROR] Failed to load resource: the server responded with a status of 404 (Not Found) @ http://localhost:8741/partials/footer:0
[   15064ms] [ERROR] Failed to load partial "footer" from ../../partials/footer.html: Error: HTTP 404
    at http://localhost:8741/assets/js/main.js:31:26
    at async Promise.all (index 1)
    at async injectPartials (http://localhost:8741/assets/js/main.js:23:3)
    at async HTMLDocument.<anonymous> (http://localhost:8741/assets/js/main.js:372:3) @ http://localhost:8741/assets/js/main.js:33
[   15750ms] [ERROR] Failed to load resource: the server responded with a status of 404 (Not Found) @ http://localhost:8741/partials/header:0
[   15750ms] [ERROR] Failed to load partial "header" from ../../partials/header.html: Error: HTTP 404
    at http://localhost:8741/assets/js/main.js:31:26
    at async Promise.all (index 0)
    at async injectPartials (http://localhost:8741/assets/js/main.js:23:3)
    at async HTMLDocument.<anonymous> (http://localhost:8741/assets/js/main.js:372:3) @ http://localhost:8741/assets/js/main.js:33
[   15751ms] [ERROR] Failed to load resource: the server responded with a status of 404 (Not Found) @ http://localhost:8741/partials/footer:0
[   15751ms] [ERROR] Failed to load partial "footer" from ../../partials/footer.html: Error: HTTP 404
    at http://localhost:8741/assets/js/main.js:31:26
    at async Promise.all (index 1)
    at async injectPartials (http://localhost:8741/assets/js/main.js:23:3)
    at async HTMLDocument.<anonymous> (http://localhost:8741/assets/js/main.js:372:3) @ http://localhost:8741/assets/js/main.js:33
[   16295ms] [ERROR] Failed to load resource: the server responded with a status of 404 (Not Found) @ http://localhost:8741/partials/header:0
[   16296ms] [ERROR] Failed to load partial "header" from ../../partials/header.html: Error: HTTP 404
    at http://localhost:8741/assets/js/main.js:31:26
    at async Promise.all (index 0)
    at async injectPartials (http://localhost:8741/assets/js/main.js:23:3)
    at async HTMLDocument.<anonymous> (http://localhost:8741/assets/js/main.js:372:3) @ http://localhost:8741/assets/js/main.js:33
[   16296ms] [ERROR] Failed to load resource: the server responded with a status of 404 (Not Found) @ http://localhost:8741/partials/footer:0
[   16296ms] [ERROR] Failed to load partial "footer" from ../../partials/footer.html: Error: HTTP 404
    at http://localhost:8741/assets/js/main.js:31:26
    at async Promise.all (index 1)
    at async injectPartials (http://localhost:8741/assets/js/main.js:23:3)
    at async HTMLDocument.<anonymous> (http://localhost:8741/assets/js/main.js:372:3) @ http://localhost:8741/assets/js/main.js:33
[   16923ms] [ERROR] Failed to load resource: the server responded with a status of 404 (Not Found) @ http://localhost:8741/partials/header:0
[   16923ms] [ERROR] Failed to load partial "header" from ../../partials/header.html: Error: HTTP 404
    at http://localhost:8741/assets/js/main.js:31:26
    at async Promise.all (index 0)
    at async injectPartials (http://localhost:8741/assets/js/main.js:23:3)
    at async HTMLDocument.<anonymous> (http://localhost:8741/assets/js/main.js:372:3) @ http://localhost:8741/assets/js/main.js:33
[   16923ms] [ERROR] Failed to load resource: the server responded with a status of 404 (Not Found) @ http://localhost:8741/partials/footer:0
[   16923ms] [ERROR] Failed to load partial "footer" from ../../partials/footer.html: Error: HTTP 404
    at http://localhost:8741/assets/js/main.js:31:26
    at async Promise.all (index 1)
    at async injectPartials (http://localhost:8741/assets/js/main.js:23:3)
    at async HTMLDocument.<anonymous> (http://localhost:8741/assets/js/main.js:372:3) @ http://localhost:8741/assets/js/main.js:33
[   17478ms] [ERROR] Failed to load resource: the server responded with a status of 404 (Not Found) @ http://localhost:8741/partials/header:0
[   17479ms] [ERROR] Failed to load partial "header" from ../../partials/header.html: Error: HTTP 404
    at http://localhost:8741/assets/js/main.js:31:26
    at async Promise.all (index 0)
    at async injectPartials (http://localhost:8741/assets/js/main.js:23:3)
    at async HTMLDocument.<anonymous> (http://localhost:8741/assets/js/main.js:372:3) @ http://localhost:8741/assets/js/main.js:33
[   17479ms] [ERROR] Failed to load resource: the server responded with a status of 404 (Not Found) @ http://localhost:8741/partials/footer:0
[   17480ms] [ERROR] Failed to load partial "footer" from ../../partials/footer.html: Error: HTTP 404
    at http://localhost:8741/assets/js/main.js:31:26
    at async Promise.all (index 1)
    at async injectPartials (http://localhost:8741/assets/js/main.js:23:3)
    at async HTMLDocument.<anonymous> (http://localhost:8741/assets/js/main.js:372:3) @ http://localhost:8741/assets/js/main.js:33
[   18032ms] [ERROR] Failed to load resource: the server responded with a status of 404 (Not Found) @ http://localhost:8741/partials/header:0
[   18032ms] [ERROR] Failed to load partial "header" from ../../partials/header.html: Error: HTTP 404
    at http://localhost:8741/assets/js/main.js:31:26
    at async Promise.all (index 0)
    at async injectPartials (http://localhost:8741/assets/js/main.js:23:3)
    at async HTMLDocument.<anonymous> (http://localhost:8741/assets/js/main.js:372:3) @ http://localhost:8741/assets/js/main.js:33
[   18032ms] [ERROR] Failed to load resource: the server responded with a status of 404 (Not Found) @ http://localhost:8741/partials/footer:0
[   18033ms] [ERROR] Failed to load partial "footer" from ../../partials/footer.html: Error: HTTP 404
    at http://localhost:8741/assets/js/main.js:31:26
    at async Promise.all (index 1)
    at async injectPartials (http://localhost:8741/assets/js/main.js:23:3)
    at async HTMLDocument.<anonymous> (http://localhost:8741/assets/js/main.js:372:3) @ http://localhost:8741/assets/js/main.js:33
[   18645ms] [ERROR] Failed to load resource: the server responded with a status of 404 (Not Found) @ http://localhost:8741/partials/header:0
[   18645ms] [ERROR] Failed to load partial "header" from ../../partials/header.html: Error: HTTP 404
    at http://localhost:8741/assets/js/main.js:31:26
    at async Promise.all (index 0)
    at async injectPartials (http://localhost:8741/assets/js/main.js:23:3)
    at async HTMLDocument.<anonymous> (http://localhost:8741/assets/js/main.js:372:3) @ http://localhost:8741/assets/js/main.js:33
[   18646ms] [ERROR] Failed to load resource: the server responded with a status of 404 (Not Found) @ http://localhost:8741/partials/footer:0
[   18646ms] [ERROR] Failed to load partial "footer" from ../../partials/footer.html: Error: HTTP 404
    at http://localhost:8741/assets/js/main.js:31:26
    at async Promise.all (index 1)
    at async injectPartials (http://localhost:8741/assets/js/main.js:23:3)
    at async HTMLDocument.<anonymous> (http://localhost:8741/assets/js/main.js:372:3) @ http://localhost:8741/assets/js/main.js:33
