[     399ms] [ERROR] Failed to load resource: the server responded with a status of 404 (Not Found) @ http://localhost:8741/partials/header:0
[     400ms] [ERROR] Failed to load partial "header" from partials/header.html: Error: HTTP 404
    at http://localhost:8741/assets/js/main.js:31:26
    at async Promise.all (index 0)
    at async injectPartials (http://localhost:8741/assets/js/main.js:23:3)
    at async HTMLDocument.<anonymous> (http://localhost:8741/assets/js/main.js:372:3) @ http://localhost:8741/assets/js/main.js:33
[     401ms] [ERROR] Failed to load resource: the server responded with a status of 404 (Not Found) @ http://localhost:8741/partials/footer:0
[     401ms] [ERROR] Failed to load partial "footer" from partials/footer.html: Error: HTTP 404
    at http://localhost:8741/assets/js/main.js:31:26
    at async Promise.all (index 1)
    at async injectPartials (http://localhost:8741/assets/js/main.js:23:3)
    at async HTMLDocument.<anonymous> (http://localhost:8741/assets/js/main.js:372:3) @ http://localhost:8741/assets/js/main.js:33
[     615ms] [ERROR] Failed to load resource: the server responded with a status of 404 (Not Found) @ http://localhost:8741/favicon.ico:0
[   76658ms] [ERROR] Failed to load resource: the server responded with a status of 404 (Not Found) @ http://localhost:8741/partials/header:0
[   76658ms] [ERROR] Failed to load partial "header" from partials/header.html: Error: HTTP 404
    at http://localhost:8741/assets/js/main.js:31:26
    at async Promise.all (index 0)
    at async injectPartials (http://localhost:8741/assets/js/main.js:23:3)
    at async HTMLDocument.<anonymous> (http://localhost:8741/assets/js/main.js:372:3) @ http://localhost:8741/assets/js/main.js:33
[   76659ms] [ERROR] Failed to load resource: the server responded with a status of 404 (Not Found) @ http://localhost:8741/partials/footer:0
[   76659ms] [ERROR] Failed to load partial "footer" from partials/footer.html: Error: HTTP 404
    at http://localhost:8741/assets/js/main.js:31:26
    at async Promise.all (index 1)
    at async injectPartials (http://localhost:8741/assets/js/main.js:23:3)
    at async HTMLDocument.<anonymous> (http://localhost:8741/assets/js/main.js:372:3) @ http://localhost:8741/assets/js/main.js:33
[   77450ms] [ERROR] Failed to load resource: the server responded with a status of 404 (Not Found) @ http://localhost:8741/partials/header:0
[   77450ms] [ERROR] Failed to load partial "header" from ../partials/header.html: Error: HTTP 404
    at http://localhost:8741/assets/js/main.js:31:26
    at async Promise.all (index 0)
    at async injectPartials (http://localhost:8741/assets/js/main.js:23:3)
    at async HTMLDocument.<anonymous> (http://localhost:8741/assets/js/main.js:372:3) @ http://localhost:8741/assets/js/main.js:33
[   77451ms] [ERROR] Failed to load resource: the server responded with a status of 404 (Not Found) @ http://localhost:8741/partials/footer:0
[   77451ms] [ERROR] Failed to load partial "footer" from ../partials/footer.html: Error: HTTP 404
    at http://localhost:8741/assets/js/main.js:31:26
    at async Promise.all (index 1)
    at async injectPartials (http://localhost:8741/assets/js/main.js:23:3)
    at async HTMLDocument.<anonymous> (http://localhost:8741/assets/js/main.js:372:3) @ http://localhost:8741/assets/js/main.js:33
[   78090ms] [ERROR] Failed to load resource: the server responded with a status of 404 (Not Found) @ http://localhost:8741/partials/header:0
[   78090ms] [ERROR] Failed to load partial "header" from ../partials/header.html: Error: HTTP 404
    at http://localhost:8741/assets/js/main.js:31:26
    at async Promise.all (index 0)
    at async injectPartials (http://localhost:8741/assets/js/main.js:23:3)
    at async HTMLDocument.<anonymous> (http://localhost:8741/assets/js/main.js:372:3) @ http://localhost:8741/assets/js/main.js:33
[   78091ms] [ERROR] Failed to load resource: the server responded with a status of 404 (Not Found) @ http://localhost:8741/partials/footer:0
[   78091ms] [ERROR] Failed to load partial "footer" from ../partials/footer.html: Error: HTTP 404
    at http://localhost:8741/assets/js/main.js:31:26
    at async Promise.all (index 1)
    at async injectPartials (http://localhost:8741/assets/js/main.js:23:3)
    at async HTMLDocument.<anonymous> (http://localhost:8741/assets/js/main.js:372:3) @ http://localhost:8741/assets/js/main.js:33
[   78760ms] [ERROR] Failed to load resource: the server responded with a status of 404 (Not Found) @ http://localhost:8741/partials/header:0
[   78761ms] [ERROR] Failed to load partial "header" from ../partials/header.html: Error: HTTP 404
    at http://localhost:8741/assets/js/main.js:31:26
    at async Promise.all (index 0)
    at async injectPartials (http://localhost:8741/assets/js/main.js:23:3)
    at async HTMLDocument.<anonymous> (http://localhost:8741/assets/js/main.js:372:3) @ http://localhost:8741/assets/js/main.js:33
[   78761ms] [ERROR] Failed to load resource: the server responded with a status of 404 (Not Found) @ http://localhost:8741/partials/footer:0
[   78761ms] [ERROR] Failed to load partial "footer" from ../partials/footer.html: Error: HTTP 404
    at http://localhost:8741/assets/js/main.js:31:26
    at async Promise.all (index 1)
    at async injectPartials (http://localhost:8741/assets/js/main.js:23:3)
    at async HTMLDocument.<anonymous> (http://localhost:8741/assets/js/main.js:372:3) @ http://localhost:8741/assets/js/main.js:33
[   79416ms] [ERROR] Failed to load resource: the server responded with a status of 404 (Not Found) @ http://localhost:8741/partials/header:0
[   79417ms] [ERROR] Failed to load partial "header" from ../partials/header.html: Error: HTTP 404
    at http://localhost:8741/assets/js/main.js:31:26
    at async Promise.all (index 0)
    at async injectPartials (http://localhost:8741/assets/js/main.js:23:3)
    at async HTMLDocument.<anonymous> (http://localhost:8741/assets/js/main.js:372:3) @ http://localhost:8741/assets/js/main.js:33
[   79417ms] [ERROR] Failed to load resource: the server responded with a status of 404 (Not Found) @ http://localhost:8741/partials/footer:0
[   79417ms] [ERROR] Failed to load partial "footer" from ../partials/footer.html: Error: HTTP 404
    at http://localhost:8741/assets/js/main.js:31:26
    at async Promise.all (index 1)
    at async injectPartials (http://localhost:8741/assets/js/main.js:23:3)
    at async HTMLDocument.<anonymous> (http://localhost:8741/assets/js/main.js:372:3) @ http://localhost:8741/assets/js/main.js:33
[   80050ms] [ERROR] Failed to load resource: the server responded with a status of 404 (Not Found) @ http://localhost:8741/partials/header:0
[   80050ms] [ERROR] Failed to load partial "header" from ../partials/header.html: Error: HTTP 404
    at http://localhost:8741/assets/js/main.js:31:26
    at async Promise.all (index 0)
    at async injectPartials (http://localhost:8741/assets/js/main.js:23:3)
    at async HTMLDocument.<anonymous> (http://localhost:8741/assets/js/main.js:372:3) @ http://localhost:8741/assets/js/main.js:33
[   80059ms] [ERROR] Failed to load resource: the server responded with a status of 404 (Not Found) @ http://localhost:8741/partials/footer:0
[   80059ms] [ERROR] Failed to load partial "footer" from ../partials/footer.html: Error: HTTP 404
    at http://localhost:8741/assets/js/main.js:31:26
    at async Promise.all (index 1)
    at async injectPartials (http://localhost:8741/assets/js/main.js:23:3)
    at async HTMLDocument.<anonymous> (http://localhost:8741/assets/js/main.js:372:3) @ http://localhost:8741/assets/js/main.js:33
[   80759ms] [ERROR] Failed to load resource: the server responded with a status of 404 (Not Found) @ http://localhost:8741/partials/header:0
[   80759ms] [ERROR] Failed to load partial "header" from ../partials/header.html: Error: HTTP 404
    at http://localhost:8741/assets/js/main.js:31:26
    at async Promise.all (index 0)
    at async injectPartials (http://localhost:8741/assets/js/main.js:23:3)
    at async HTMLDocument.<anonymous> (http://localhost:8741/assets/js/main.js:372:3) @ http://localhost:8741/assets/js/main.js:33
[   80760ms] [ERROR] Failed to load resource: the server responded with a status of 404 (Not Found) @ http://localhost:8741/partials/footer:0
[   80760ms] [ERROR] Failed to load partial "footer" from ../partials/footer.html: Error: HTTP 404
    at http://localhost:8741/assets/js/main.js:31:26
    at async Promise.all (index 1)
    at async injectPartials (http://localhost:8741/assets/js/main.js:23:3)
    at async HTMLDocument.<anonymous> (http://localhost:8741/assets/js/main.js:372:3) @ http://localhost:8741/assets/js/main.js:33
[   81439ms] [ERROR] Failed to load resource: the server responded with a status of 404 (Not Found) @ http://localhost:8741/partials/header:0
[   81440ms] [ERROR] Failed to load partial "header" from ../partials/header.html: Error: HTTP 404
    at http://localhost:8741/assets/js/main.js:31:26
    at async Promise.all (index 0)
    at async injectPartials (http://localhost:8741/assets/js/main.js:23:3)
    at async HTMLDocument.<anonymous> (http://localhost:8741/assets/js/main.js:372:3) @ http://localhost:8741/assets/js/main.js:33
[   81440ms] [ERROR] Failed to load resource: the server responded with a status of 404 (Not Found) @ http://localhost:8741/partials/footer:0
[   81440ms] [ERROR] Failed to load partial "footer" from ../partials/footer.html: Error: HTTP 404
    at http://localhost:8741/assets/js/main.js:31:26
    at async Promise.all (index 1)
    at async injectPartials (http://localhost:8741/assets/js/main.js:23:3)
    at async HTMLDocument.<anonymous> (http://localhost:8741/assets/js/main.js:372:3) @ http://localhost:8741/assets/js/main.js:33
[   82073ms] [ERROR] Failed to load resource: the server responded with a status of 404 (Not Found) @ http://localhost:8741/partials/header:0
[   82074ms] [ERROR] Failed to load partial "header" from ../../partials/header.html: Error: HTTP 404
    at http://localhost:8741/assets/js/main.js:31:26
    at async Promise.all (index 0)
    at async injectPartials (http://localhost:8741/assets/js/main.js:23:3)
    at async HTMLDocument.<anonymous> (http://localhost:8741/assets/js/main.js:372:3) @ http://localhost:8741/assets/js/main.js:33
[   82074ms] [ERROR] Failed to load resource: the server responded with a status of 404 (Not Found) @ http://localhost:8741/partials/footer:0
[   82074ms] [ERROR] Failed to load partial "footer" from ../../partials/footer.html: Error: HTTP 404
    at http://localhost:8741/assets/js/main.js:31:26
    at async Promise.all (index 1)
    at async injectPartials (http://localhost:8741/assets/js/main.js:23:3)
    at async HTMLDocument.<anonymous> (http://localhost:8741/assets/js/main.js:372:3) @ http://localhost:8741/assets/js/main.js:33
[   82720ms] [ERROR] Failed to load resource: the server responded with a status of 404 (Not Found) @ http://localhost:8741/partials/header:0
[   82721ms] [ERROR] Failed to load partial "header" from ../../partials/header.html: Error: HTTP 404
    at http://localhost:8741/assets/js/main.js:31:26
    at async Promise.all (index 0)
    at async injectPartials (http://localhost:8741/assets/js/main.js:23:3)
    at async HTMLDocument.<anonymous> (http://localhost:8741/assets/js/main.js:372:3) @ http://localhost:8741/assets/js/main.js:33
[   82729ms] [ERROR] Failed to load resource: the server responded with a status of 404 (Not Found) @ http://localhost:8741/partials/footer:0
[   82730ms] [ERROR] Failed to load partial "footer" from ../../partials/footer.html: Error: HTTP 404
    at http://localhost:8741/assets/js/main.js:31:26
    at async Promise.all (index 1)
    at async injectPartials (http://localhost:8741/assets/js/main.js:23:3)
    at async HTMLDocument.<anonymous> (http://localhost:8741/assets/js/main.js:372:3) @ http://localhost:8741/assets/js/main.js:33
[   83370ms] [ERROR] Failed to load resource: the server responded with a status of 404 (Not Found) @ http://localhost:8741/partials/header:0
[   83371ms] [ERROR] Failed to load partial "header" from ../../partials/header.html: Error: HTTP 404
    at http://localhost:8741/assets/js/main.js:31:26
    at async Promise.all (index 0)
    at async injectPartials (http://localhost:8741/assets/js/main.js:23:3)
    at async HTMLDocument.<anonymous> (http://localhost:8741/assets/js/main.js:372:3) @ http://localhost:8741/assets/js/main.js:33
[   83377ms] [ERROR] Failed to load resource: the server responded with a status of 404 (Not Found) @ http://localhost:8741/partials/footer:0
[   83377ms] [ERROR] Failed to load partial "footer" from ../../partials/footer.html: Error: HTTP 404
    at http://localhost:8741/assets/js/main.js:31:26
    at async Promise.all (index 1)
    at async injectPartials (http://localhost:8741/assets/js/main.js:23:3)
    at async HTMLDocument.<anonymous> (http://localhost:8741/assets/js/main.js:372:3) @ http://localhost:8741/assets/js/main.js:33
[   84014ms] [ERROR] Failed to load resource: the server responded with a status of 404 (Not Found) @ http://localhost:8741/partials/header:0
[   84014ms] [ERROR] Failed to load partial "header" from ../../partials/header.html: Error: HTTP 404
    at http://localhost:8741/assets/js/main.js:31:26
    at async Promise.all (index 0)
    at async injectPartials (http://localhost:8741/assets/js/main.js:23:3)
    at async HTMLDocument.<anonymous> (http://localhost:8741/assets/js/main.js:372:3) @ http://localhost:8741/assets/js/main.js:33
[   84022ms] [ERROR] Failed to load resource: the server responded with a status of 404 (Not Found) @ http://localhost:8741/partials/footer:0
[   84022ms] [ERROR] Failed to load partial "footer" from ../../partials/footer.html: Error: HTTP 404
    at http://localhost:8741/assets/js/main.js:31:26
    at async Promise.all (index 1)
    at async injectPartials (http://localhost:8741/assets/js/main.js:23:3)
    at async HTMLDocument.<anonymous> (http://localhost:8741/assets/js/main.js:372:3) @ http://localhost:8741/assets/js/main.js:33
[   84657ms] [ERROR] Failed to load resource: the server responded with a status of 404 (Not Found) @ http://localhost:8741/partials/header:0
[   84657ms] [ERROR] Failed to load partial "header" from ../../partials/header.html: Error: HTTP 404
    at http://localhost:8741/assets/js/main.js:31:26
    at async Promise.all (index 0)
    at async injectPartials (http://localhost:8741/assets/js/main.js:23:3)
    at async HTMLDocument.<anonymous> (http://localhost:8741/assets/js/main.js:372:3) @ http://localhost:8741/assets/js/main.js:33
[   84658ms] [ERROR] Failed to load resource: the server responded with a status of 404 (Not Found) @ http://localhost:8741/partials/footer:0
[   84658ms] [ERROR] Failed to load partial "footer" from ../../partials/footer.html: Error: HTTP 404
    at http://localhost:8741/assets/js/main.js:31:26
    at async Promise.all (index 1)
    at async injectPartials (http://localhost:8741/assets/js/main.js:23:3)
    at async HTMLDocument.<anonymous> (http://localhost:8741/assets/js/main.js:372:3) @ http://localhost:8741/assets/js/main.js:33
[   85312ms] [ERROR] Failed to load resource: the server responded with a status of 404 (Not Found) @ http://localhost:8741/partials/header:0
[   85313ms] [ERROR] Failed to load partial "header" from ../../partials/header.html: Error: HTTP 404
    at http://localhost:8741/assets/js/main.js:31:26
    at async Promise.all (index 0)
    at async injectPartials (http://localhost:8741/assets/js/main.js:23:3)
    at async HTMLDocument.<anonymous> (http://localhost:8741/assets/js/main.js:372:3) @ http://localhost:8741/assets/js/main.js:33
[   85313ms] [ERROR] Failed to load resource: the server responded with a status of 404 (Not Found) @ http://localhost:8741/partials/footer:0
[   85313ms] [ERROR] Failed to load partial "footer" from ../../partials/footer.html: Error: HTTP 404
    at http://localhost:8741/assets/js/main.js:31:26
    at async Promise.all (index 1)
    at async injectPartials (http://localhost:8741/assets/js/main.js:23:3)
    at async HTMLDocument.<anonymous> (http://localhost:8741/assets/js/main.js:372:3) @ http://localhost:8741/assets/js/main.js:33
[   85992ms] [ERROR] Failed to load resource: the server responded with a status of 404 (Not Found) @ http://localhost:8741/partials/header:0
[   85993ms] [ERROR] Failed to load partial "header" from ../../partials/header.html: Error: HTTP 404
    at http://localhost:8741/assets/js/main.js:31:26
    at async Promise.all (index 0)
    at async injectPartials (http://localhost:8741/assets/js/main.js:23:3)
    at async HTMLDocument.<anonymous> (http://localhost:8741/assets/js/main.js:372:3) @ http://localhost:8741/assets/js/main.js:33
[   85995ms] [ERROR] Failed to load resource: the server responded with a status of 404 (Not Found) @ http://localhost:8741/partials/footer:0
[   85995ms] [ERROR] Failed to load partial "footer" from ../../partials/footer.html: Error: HTTP 404
    at http://localhost:8741/assets/js/main.js:31:26
    at async Promise.all (index 1)
    at async injectPartials (http://localhost:8741/assets/js/main.js:23:3)
    at async HTMLDocument.<anonymous> (http://localhost:8741/assets/js/main.js:372:3) @ http://localhost:8741/assets/js/main.js:33
[   86675ms] [ERROR] Failed to load resource: the server responded with a status of 404 (Not Found) @ http://localhost:8741/partials/header:0
[   86675ms] [ERROR] Failed to load partial "header" from ../../partials/header.html: Error: HTTP 404
    at http://localhost:8741/assets/js/main.js:31:26
    at async Promise.all (index 0)
    at async injectPartials (http://localhost:8741/assets/js/main.js:23:3)
    at async HTMLDocument.<anonymous> (http://localhost:8741/assets/js/main.js:372:3) @ http://localhost:8741/assets/js/main.js:33
[   86676ms] [ERROR] Failed to load resource: the server responded with a status of 404 (Not Found) @ http://localhost:8741/partials/footer:0
[   86676ms] [ERROR] Failed to load partial "footer" from ../../partials/footer.html: Error: HTTP 404
    at http://localhost:8741/assets/js/main.js:31:26
    at async Promise.all (index 1)
    at async injectPartials (http://localhost:8741/assets/js/main.js:23:3)
    at async HTMLDocument.<anonymous> (http://localhost:8741/assets/js/main.js:372:3) @ http://localhost:8741/assets/js/main.js:33
[   87403ms] [ERROR] Failed to load resource: the server responded with a status of 404 (Not Found) @ http://localhost:8741/partials/header:0
[   87404ms] [ERROR] Failed to load partial "header" from ../../partials/header.html: Error: HTTP 404
    at http://localhost:8741/assets/js/main.js:31:26
    at async Promise.all (index 0)
    at async injectPartials (http://localhost:8741/assets/js/main.js:23:3)
    at async HTMLDocument.<anonymous> (http://localhost:8741/assets/js/main.js:372:3) @ http://localhost:8741/assets/js/main.js:33
[   87404ms] [ERROR] Failed to load resource: the server responded with a status of 404 (Not Found) @ http://localhost:8741/partials/footer:0
[   87404ms] [ERROR] Failed to load partial "footer" from ../../partials/footer.html: Error: HTTP 404
    at http://localhost:8741/assets/js/main.js:31:26
    at async Promise.all (index 1)
    at async injectPartials (http://localhost:8741/assets/js/main.js:23:3)
    at async HTMLDocument.<anonymous> (http://localhost:8741/assets/js/main.js:372:3) @ http://localhost:8741/assets/js/main.js:33
[   88053ms] [ERROR] Failed to load resource: the server responded with a status of 404 (Not Found) @ http://localhost:8741/partials/header:0
[   88053ms] [ERROR] Failed to load partial "header" from ../../partials/header.html: Error: HTTP 404
    at http://localhost:8741/assets/js/main.js:31:26
    at async Promise.all (index 0)
    at async injectPartials (http://localhost:8741/assets/js/main.js:23:3)
    at async HTMLDocument.<anonymous> (http://localhost:8741/assets/js/main.js:372:3) @ http://localhost:8741/assets/js/main.js:33
[   88053ms] [ERROR] Failed to load resource: the server responded with a status of 404 (Not Found) @ http://localhost:8741/partials/footer:0
[   88054ms] [ERROR] Failed to load partial "footer" from ../../partials/footer.html: Error: HTTP 404
    at http://localhost:8741/assets/js/main.js:31:26
    at async Promise.all (index 1)
    at async injectPartials (http://localhost:8741/assets/js/main.js:23:3)
    at async HTMLDocument.<anonymous> (http://localhost:8741/assets/js/main.js:372:3) @ http://localhost:8741/assets/js/main.js:33
[   88720ms] [ERROR] Failed to load resource: the server responded with a status of 404 (Not Found) @ http://localhost:8741/partials/header:0
[   88720ms] [ERROR] Failed to load partial "header" from ../../partials/header.html: Error: HTTP 404
    at http://localhost:8741/assets/js/main.js:31:26
    at async Promise.all (index 0)
    at async injectPartials (http://localhost:8741/assets/js/main.js:23:3)
    at async HTMLDocument.<anonymous> (http://localhost:8741/assets/js/main.js:372:3) @ http://localhost:8741/assets/js/main.js:33
[   88721ms] [ERROR] Failed to load resource: the server responded with a status of 404 (Not Found) @ http://localhost:8741/partials/footer:0
[   88721ms] [ERROR] Failed to load partial "footer" from ../../partials/footer.html: Error: HTTP 404
    at http://localhost:8741/assets/js/main.js:31:26
    at async Promise.all (index 1)
    at async injectPartials (http://localhost:8741/assets/js/main.js:23:3)
    at async HTMLDocument.<anonymous> (http://localhost:8741/assets/js/main.js:372:3) @ http://localhost:8741/assets/js/main.js:33
[   89390ms] [ERROR] Failed to load resource: the server responded with a status of 404 (Not Found) @ http://localhost:8741/partials/header:0
[   89390ms] [ERROR] Failed to load partial "header" from ../../partials/header.html: Error: HTTP 404
    at http://localhost:8741/assets/js/main.js:31:26
    at async Promise.all (index 0)
    at async injectPartials (http://localhost:8741/assets/js/main.js:23:3)
    at async HTMLDocument.<anonymous> (http://localhost:8741/assets/js/main.js:372:3) @ http://localhost:8741/assets/js/main.js:33
[   89391ms] [ERROR] Failed to load resource: the server responded with a status of 404 (Not Found) @ http://localhost:8741/partials/footer:0
[   89391ms] [ERROR] Failed to load partial "footer" from ../../partials/footer.html: Error: HTTP 404
    at http://localhost:8741/assets/js/main.js:31:26
    at async Promise.all (index 1)
    at async injectPartials (http://localhost:8741/assets/js/main.js:23:3)
    at async HTMLDocument.<anonymous> (http://localhost:8741/assets/js/main.js:372:3) @ http://localhost:8741/assets/js/main.js:33
[   90054ms] [ERROR] Failed to load resource: the server responded with a status of 404 (Not Found) @ http://localhost:8741/partials/header:0
[   90055ms] [ERROR] Failed to load partial "header" from ../../partials/header.html: Error: HTTP 404
    at http://localhost:8741/assets/js/main.js:31:26
    at async Promise.all (index 0)
    at async injectPartials (http://localhost:8741/assets/js/main.js:23:3)
    at async HTMLDocument.<anonymous> (http://localhost:8741/assets/js/main.js:372:3) @ http://localhost:8741/assets/js/main.js:33
[   90056ms] [ERROR] Failed to load resource: the server responded with a status of 404 (Not Found) @ http://localhost:8741/partials/footer:0
[   90057ms] [ERROR] Failed to load partial "footer" from ../../partials/footer.html: Error: HTTP 404
    at http://localhost:8741/assets/js/main.js:31:26
    at async Promise.all (index 1)
    at async injectPartials (http://localhost:8741/assets/js/main.js:23:3)
    at async HTMLDocument.<anonymous> (http://localhost:8741/assets/js/main.js:372:3) @ http://localhost:8741/assets/js/main.js:33
[   90702ms] [ERROR] Failed to load resource: the server responded with a status of 404 (Not Found) @ http://localhost:8741/partials/header:0
[   90703ms] [ERROR] Failed to load partial "header" from ../../partials/header.html: Error: HTTP 404
    at http://localhost:8741/assets/js/main.js:31:26
    at async Promise.all (index 0)
    at async injectPartials (http://localhost:8741/assets/js/main.js:23:3)
    at async HTMLDocument.<anonymous> (http://localhost:8741/assets/js/main.js:372:3) @ http://localhost:8741/assets/js/main.js:33
[   90704ms] [ERROR] Failed to load resource: the server responded with a status of 404 (Not Found) @ http://localhost:8741/partials/footer:0
[   90704ms] [ERROR] Failed to load partial "footer" from ../../partials/footer.html: Error: HTTP 404
    at http://localhost:8741/assets/js/main.js:31:26
    at async Promise.all (index 1)
    at async injectPartials (http://localhost:8741/assets/js/main.js:23:3)
    at async HTMLDocument.<anonymous> (http://localhost:8741/assets/js/main.js:372:3) @ http://localhost:8741/assets/js/main.js:33
[   91375ms] [ERROR] Failed to load resource: the server responded with a status of 404 (Not Found) @ http://localhost:8741/partials/header:0
[   91375ms] [ERROR] Failed to load partial "header" from ../../partials/header.html: Error: HTTP 404
    at http://localhost:8741/assets/js/main.js:31:26
    at async Promise.all (index 0)
    at async injectPartials (http://localhost:8741/assets/js/main.js:23:3)
    at async HTMLDocument.<anonymous> (http://localhost:8741/assets/js/main.js:372:3) @ http://localhost:8741/assets/js/main.js:33
[   91375ms] [ERROR] Failed to load resource: the server responded with a status of 404 (Not Found) @ http://localhost:8741/partials/footer:0
[   91375ms] [ERROR] Failed to load partial "footer" from ../../partials/footer.html: Error: HTTP 404
    at http://localhost:8741/assets/js/main.js:31:26
    at async Promise.all (index 1)
    at async injectPartials (http://localhost:8741/assets/js/main.js:23:3)
    at async HTMLDocument.<anonymous> (http://localhost:8741/assets/js/main.js:372:3) @ http://localhost:8741/assets/js/main.js:33
[   92016ms] [ERROR] Failed to load resource: the server responded with a status of 404 (Not Found) @ http://localhost:8741/partials/header:0
[   92016ms] [ERROR] Failed to load partial "header" from ../../partials/header.html: Error: HTTP 404
    at http://localhost:8741/assets/js/main.js:31:26
    at async Promise.all (index 0)
    at async injectPartials (http://localhost:8741/assets/js/main.js:23:3)
    at async HTMLDocument.<anonymous> (http://localhost:8741/assets/js/main.js:372:3) @ http://localhost:8741/assets/js/main.js:33
[   92018ms] [ERROR] Failed to load resource: the server responded with a status of 404 (Not Found) @ http://localhost:8741/partials/footer:0
[   92018ms] [ERROR] Failed to load partial "footer" from ../../partials/footer.html: Error: HTTP 404
    at http://localhost:8741/assets/js/main.js:31:26
    at async Promise.all (index 1)
    at async injectPartials (http://localhost:8741/assets/js/main.js:23:3)
    at async HTMLDocument.<anonymous> (http://localhost:8741/assets/js/main.js:372:3) @ http://localhost:8741/assets/js/main.js:33
[   92686ms] [ERROR] Failed to load resource: the server responded with a status of 404 (Not Found) @ http://localhost:8741/partials/header:0
[   92686ms] [ERROR] Failed to load partial "header" from ../../partials/header.html: Error: HTTP 404
    at http://localhost:8741/assets/js/main.js:31:26
    at async Promise.all (index 0)
    at async injectPartials (http://localhost:8741/assets/js/main.js:23:3)
    at async HTMLDocument.<anonymous> (http://localhost:8741/assets/js/main.js:372:3) @ http://localhost:8741/assets/js/main.js:33
[   92687ms] [ERROR] Failed to load resource: the server responded with a status of 404 (Not Found) @ http://localhost:8741/partials/footer:0
[   92687ms] [ERROR] Failed to load partial "footer" from ../../partials/footer.html: Error: HTTP 404
    at http://localhost:8741/assets/js/main.js:31:26
    at async Promise.all (index 1)
    at async injectPartials (http://localhost:8741/assets/js/main.js:23:3)
    at async HTMLDocument.<anonymous> (http://localhost:8741/assets/js/main.js:372:3) @ http://localhost:8741/assets/js/main.js:33
[   93308ms] [ERROR] Failed to load resource: the server responded with a status of 404 (Not Found) @ http://localhost:8741/partials/header:0
[   93308ms] [ERROR] Failed to load partial "header" from ../../partials/header.html: Error: HTTP 404
    at http://localhost:8741/assets/js/main.js:31:26
    at async Promise.all (index 0)
    at async injectPartials (http://localhost:8741/assets/js/main.js:23:3)
    at async HTMLDocument.<anonymous> (http://localhost:8741/assets/js/main.js:372:3) @ http://localhost:8741/assets/js/main.js:33
[   93309ms] [ERROR] Failed to load resource: the server responded with a status of 404 (Not Found) @ http://localhost:8741/partials/footer:0
[   93309ms] [ERROR] Failed to load partial "footer" from ../../partials/footer.html: Error: HTTP 404
    at http://localhost:8741/assets/js/main.js:31:26
    at async Promise.all (index 1)
    at async injectPartials (http://localhost:8741/assets/js/main.js:23:3)
    at async HTMLDocument.<anonymous> (http://localhost:8741/assets/js/main.js:372:3) @ http://localhost:8741/assets/js/main.js:33
[   93991ms] [ERROR] Failed to load resource: the server responded with a status of 404 (Not Found) @ http://localhost:8741/partials/header:0
[   93992ms] [ERROR] Failed to load partial "header" from ../../partials/header.html: Error: HTTP 404
    at http://localhost:8741/assets/js/main.js:31:26
    at async Promise.all (index 0)
    at async injectPartials (http://localhost:8741/assets/js/main.js:23:3)
    at async HTMLDocument.<anonymous> (http://localhost:8741/assets/js/main.js:372:3) @ http://localhost:8741/assets/js/main.js:33
[   93993ms] [ERROR] Failed to load resource: the server responded with a status of 404 (Not Found) @ http://localhost:8741/partials/footer:0
[   93993ms] [ERROR] Failed to load partial "footer" from ../../partials/footer.html: Error: HTTP 404
    at http://localhost:8741/assets/js/main.js:31:26
    at async Promise.all (index 1)
    at async injectPartials (http://localhost:8741/assets/js/main.js:23:3)
    at async HTMLDocument.<anonymous> (http://localhost:8741/assets/js/main.js:372:3) @ http://localhost:8741/assets/js/main.js:33
[   94768ms] [ERROR] Failed to load resource: the server responded with a status of 404 (Not Found) @ http://localhost:8741/partials/header:0
[   94769ms] [ERROR] Failed to load partial "header" from ../../partials/header.html: Error: HTTP 404
    at http://localhost:8741/assets/js/main.js:31:26
    at async Promise.all (index 0)
    at async injectPartials (http://localhost:8741/assets/js/main.js:23:3)
    at async HTMLDocument.<anonymous> (http://localhost:8741/assets/js/main.js:372:3) @ http://localhost:8741/assets/js/main.js:33
[   94769ms] [ERROR] Failed to load resource: the server responded with a status of 404 (Not Found) @ http://localhost:8741/partials/footer:0
[   94769ms] [ERROR] Failed to load partial "footer" from ../../partials/footer.html: Error: HTTP 404
    at http://localhost:8741/assets/js/main.js:31:26
    at async Promise.all (index 1)
    at async injectPartials (http://localhost:8741/assets/js/main.js:23:3)
    at async HTMLDocument.<anonymous> (http://localhost:8741/assets/js/main.js:372:3) @ http://localhost:8741/assets/js/main.js:33
[   95414ms] [ERROR] Failed to load resource: the server responded with a status of 404 (Not Found) @ http://localhost:8741/partials/header:0
[   95415ms] [ERROR] Failed to load partial "header" from ../../partials/header.html: Error: HTTP 404
    at http://localhost:8741/assets/js/main.js:31:26
    at async Promise.all (index 0)
    at async injectPartials (http://localhost:8741/assets/js/main.js:23:3)
    at async HTMLDocument.<anonymous> (http://localhost:8741/assets/js/main.js:372:3) @ http://localhost:8741/assets/js/main.js:33
[   95415ms] [ERROR] Failed to load resource: the server responded with a status of 404 (Not Found) @ http://localhost:8741/partials/footer:0
[   95416ms] [ERROR] Failed to load partial "footer" from ../../partials/footer.html: Error: HTTP 404
    at http://localhost:8741/assets/js/main.js:31:26
    at async Promise.all (index 1)
    at async injectPartials (http://localhost:8741/assets/js/main.js:23:3)
    at async HTMLDocument.<anonymous> (http://localhost:8741/assets/js/main.js:372:3) @ http://localhost:8741/assets/js/main.js:33
[   96149ms] [ERROR] Failed to load resource: the server responded with a status of 404 (Not Found) @ http://localhost:8741/partials/header:0
[   96150ms] [ERROR] Failed to load partial "header" from ../../partials/header.html: Error: HTTP 404
    at http://localhost:8741/assets/js/main.js:31:26
    at async Promise.all (index 0)
    at async injectPartials (http://localhost:8741/assets/js/main.js:23:3)
    at async HTMLDocument.<anonymous> (http://localhost:8741/assets/js/main.js:372:3) @ http://localhost:8741/assets/js/main.js:33
[   96150ms] [ERROR] Failed to load resource: the server responded with a status of 404 (Not Found) @ http://localhost:8741/partials/footer:0
[   96150ms] [ERROR] Failed to load partial "footer" from ../../partials/footer.html: Error: HTTP 404
    at http://localhost:8741/assets/js/main.js:31:26
    at async Promise.all (index 1)
    at async injectPartials (http://localhost:8741/assets/js/main.js:23:3)
    at async HTMLDocument.<anonymous> (http://localhost:8741/assets/js/main.js:372:3) @ http://localhost:8741/assets/js/main.js:33
[   96786ms] [ERROR] Failed to load resource: the server responded with a status of 404 (Not Found) @ http://localhost:8741/technology/integrations-ecosystem:0
[   97434ms] [ERROR] Failed to load resource: the server responded with a status of 404 (Not Found) @ http://localhost:8741/partials/header:0
[   97434ms] [ERROR] Failed to load partial "header" from ../../partials/header.html: Error: HTTP 404
    at http://localhost:8741/assets/js/main.js:31:26
    at async Promise.all (index 0)
    at async injectPartials (http://localhost:8741/assets/js/main.js:23:3)
    at async HTMLDocument.<anonymous> (http://localhost:8741/assets/js/main.js:372:3) @ http://localhost:8741/assets/js/main.js:33
[   97434ms] [ERROR] Failed to load resource: the server responded with a status of 404 (Not Found) @ http://localhost:8741/partials/footer:0
[   97434ms] [ERROR] Failed to load partial "footer" from ../../partials/footer.html: Error: HTTP 404
    at http://localhost:8741/assets/js/main.js:31:26
    at async Promise.all (index 1)
    at async injectPartials (http://localhost:8741/assets/js/main.js:23:3)
    at async HTMLDocument.<anonymous> (http://localhost:8741/assets/js/main.js:372:3) @ http://localhost:8741/assets/js/main.js:33
[   98168ms] [ERROR] Failed to load resource: the server responded with a status of 404 (Not Found) @ http://localhost:8741/partials/header:0
[   98168ms] [ERROR] Failed to load partial "header" from ../../partials/header.html: Error: HTTP 404
    at http://localhost:8741/assets/js/main.js:31:26
    at async Promise.all (index 0)
    at async injectPartials (http://localhost:8741/assets/js/main.js:23:3)
    at async HTMLDocument.<anonymous> (http://localhost:8741/assets/js/main.js:372:3) @ http://localhost:8741/assets/js/main.js:33
[   98169ms] [ERROR] Failed to load resource: the server responded with a status of 404 (Not Found) @ http://localhost:8741/partials/footer:0
[   98169ms] [ERROR] Failed to load partial "footer" from ../../partials/footer.html: Error: HTTP 404
    at http://localhost:8741/assets/js/main.js:31:26
    at async Promise.all (index 1)
    at async injectPartials (http://localhost:8741/assets/js/main.js:23:3)
    at async HTMLDocument.<anonymous> (http://localhost:8741/assets/js/main.js:372:3) @ http://localhost:8741/assets/js/main.js:33
[  131860ms] [ERROR] Failed to load resource: the server responded with a status of 404 (Not Found) @ http://localhost:8741/technology/integrations-ecosystem:0
[  191297ms] [ERROR] Failed to load resource: the server responded with a status of 404 (Not Found) @ http://localhost:8741/technology/integrations-ecosystem:0
