[     155ms] [ERROR] Failed to load resource: the server responded with a status of 404 (Not Found) @ http://localhost:8741/partials/header:0
[     155ms] [ERROR] Failed to load partial "header" from ../partials/header.html: Error: HTTP 404
    at http://localhost:8741/assets/js/main.js:31:26
    at async Promise.all (index 0)
    at async injectPartials (http://localhost:8741/assets/js/main.js:23:3)
    at async HTMLDocument.<anonymous> (http://localhost:8741/assets/js/main.js:372:3) @ http://localhost:8741/assets/js/main.js:33
[     155ms] [ERROR] Failed to load resource: the server responded with a status of 404 (Not Found) @ http://localhost:8741/partials/footer:0
[     156ms] [ERROR] Failed to load partial "footer" from ../partials/footer.html: Error: HTTP 404
    at http://localhost:8741/assets/js/main.js:31:26
    at async Promise.all (index 1)
    at async injectPartials (http://localhost:8741/assets/js/main.js:23:3)
    at async HTMLDocument.<anonymous> (http://localhost:8741/assets/js/main.js:372:3) @ http://localhost:8741/assets/js/main.js:33
[    2302ms] [ERROR] Failed to load resource: the server responded with a status of 404 (Not Found) @ http://localhost:8741/partials/header:0
[    2302ms] [ERROR] Failed to load partial "header" from ../../partials/header.html: Error: HTTP 404
    at http://localhost:8741/assets/js/main.js:31:26
    at async Promise.all (index 0)
    at async injectPartials (http://localhost:8741/assets/js/main.js:23:3)
    at async HTMLDocument.<anonymous> (http://localhost:8741/assets/js/main.js:372:3) @ http://localhost:8741/assets/js/main.js:33
[    2302ms] [ERROR] Failed to load resource: the server responded with a status of 404 (Not Found) @ http://localhost:8741/partials/footer:0
[    2302ms] [ERROR] Failed to load partial "footer" from ../../partials/footer.html: Error: HTTP 404
    at http://localhost:8741/assets/js/main.js:31:26
    at async Promise.all (index 1)
    at async injectPartials (http://localhost:8741/assets/js/main.js:23:3)
    at async HTMLDocument.<anonymous> (http://localhost:8741/assets/js/main.js:372:3) @ http://localhost:8741/assets/js/main.js:33
